<html>
<body>
<pre>
<h1>µVision Build Log</h1>
<h2>Tool Versions:</h2>
IDE-Version: ¦ÌVision V5.41.0.0
Copyright (C) 2024 ARM Ltd and ARM Germany GmbH. All rights reserved.
License Information: 11 11, 11, LIC=JL28G-V6357-FWS2N-YC9YT-JUCXD-SV4KP
 
Tool Versions:
Toolchain:       MDK-ARM Plus  Version: 5.41.0.0
Toolchain Path:  D:\Application\Work\Keil5\ARM\ARMCLANG\Bin
C Compiler:      ArmClang.exe V6.22
Assembler:       Armasm.exe V6.22
Linker/Locator:  ArmLink.exe V6.22
Library Manager: ArmAr.exe V6.22
Hex Converter:   FromElf.exe V6.22
CPU DLL:         SARMCM3.DLL V5.41.0.0
Dialog DLL:      DARMCM1.DLL V1.19.6.0
Target DLL:      CMSIS_AGDI.dll V1.33.21.0
Dialog DLL:      TARMCM1.DLL V1.14.6.0
 
<h2>Project:</h2>
D:\Application\Work\Ti\M0_SDK\mspm0_sdk_2_03_00_07\Xbox_RemoteCar\keil\empty_LP_MSPM0G3507_nortos_keil.uvprojx
Project File Date:  11/28/2025

<h2>Output:</h2>
*** Using Compiler 'V6.22', folder: 'D:\Application\Work\Keil5\ARM\ARMCLANG\Bin'
Build target 'MSPM0G3507_Project'
Before Build - User command #1: cmd.exe /C "D:\Application\Work\Ti\M0_SDK\mspm0_sdk_2_03_00_07\Xbox_RemoteCar\keil\../../tools/keil/syscfg.bat 'D:\Application\Work\Ti\M0_SDK\mspm0_sdk_2_03_00_07\Xbox_RemoteCar\keil\' empty.syscfg"
Using Sysconfig Tool from "D:\Application\Work\Ti\TI_SYSCONFIG\sysconfig_cli.bat"
"Update the file located at <sdk path>/tools/keil/syscfg.bat to use a different version"
Running script...
Validating...
info: PWM(/ti/driverlib/PWM): Peripheral does not retain register contents in STOP or STANDBY modes. User should take care to save and restore register configuration in application. See Retention Configuration section for more details.
info: TIMER_0(/ti/driverlib/TIMER): Peripheral does not retain register contents in STOP or STANDBY modes. User should take care to save and restore register configuration in application. See Retention Configuration section for more details.
Generating Code (empty.syscfg)...
Unchanged D:\Application\Work\Ti\M0_SDK\mspm0_sdk_2_03_00_07\Xbox_RemoteCar\ti_msp_dl_config.c...
Unchanged D:\Application\Work\Ti\M0_SDK\mspm0_sdk_2_03_00_07\Xbox_RemoteCar\ti_msp_dl_config.h...
Unchanged D:\Application\Work\Ti\M0_SDK\mspm0_sdk_2_03_00_07\Xbox_RemoteCar\Event.dot...
compiling timer.c...
compiling led.c...
compiling key.c...
compiling buzzer.c...
compiling encoder.c...
compiling gray.c...
compiling board.c...
compiling motor.c...
compiling minpc.c...
compiling pid.c...
compiling hc06.c...
compiling speed.c...
compiling app_utils.c...
compiling gray_track.c...
compiling app_task.c...
compiling distance.c...
compiling test.c...
compiling dl_trng.c...
compiling dl_vref.c...
compiling dl_uart.c...
compiling dl_spi.c...
compiling empty.c...
compiling dl_timer.c...
compiling ti_msp_dl_config.c...
compiling dl_opa.c...
compiling dl_rtc_common.c...
compiling dl_mathacl.c...
compiling dl_lfss.c...
compiling dl_keystorectl.c...
compiling dl_lcd.c...
compiling dl_i2c.c...
compiling dl_mcan.c...
compiling dl_dma.c...
compiling dl_crcp.c...
compiling dl_dac12.c...
compiling dl_common.c...
compiling dl_crc.c...
compiling dl_aesadv.c...
compiling dl_flashctl.c...
compiling dl_adc12.c...
compiling dl_aes.c...
linking...
Program Size: Code=9612 RO-data=492 RW-data=44 ZI-data=5756  
FromELF: creating hex file...
".\Objects\empty_LP_MSPM0G3507_nortos_keil.axf" - 0 Error(s), 0 Warning(s).

<h2>Software Packages used:</h2>

Package Vendor: TexasInstruments
                https://software-dl.ti.com/msp430/esd/MSPM0-CMSIS/MSPM0G1X0X_G3X0X/latest/exports/TexasInstruments.MSPM0G1X0X_G3X0X_DFP.1.3.1.pack
                TexasInstruments::MSPM0G1X0X_G3X0X_DFP@1.3.1
                Device Family Pack for Texas Instruments MSPM0G1X0X_G3X0X Series

<h2>Collection of Component include folders:</h2>

<h2>Collection of Component Files used:</h2>
Build Time Elapsed:  00:00:08
</pre>
</body>
</html>
