Component: Arm Compiler for Embedded 6.22 Tool: armlink [5ee90200]

==============================================================================

Section Cross References

    board.o(.text.board_init) refers to ti_msp_dl_config.o(.text.SYSCFG_DL_init) for SYSCFG_DL_init
    board.o(.ARM.exidx.text.board_init) refers to board.o(.text.board_init) for [Anonymous Symbol]
    board.o(.ARM.exidx.text.delay_us) refers to board.o(.text.delay_us) for [Anonymous Symbol]
    board.o(.ARM.exidx.text.delay_ms) refers to board.o(.text.delay_ms) for [Anonymous Symbol]
    board.o(.ARM.exidx.text.delay_1us) refers to board.o(.text.delay_1us) for [Anonymous Symbol]
    board.o(.ARM.exidx.text.delay_1ms) refers to board.o(.text.delay_1ms) for [Anonymous Symbol]
    board.o(.ARM.exidx.text.uart0_send_char) refers to board.o(.text.uart0_send_char) for [Anonymous Symbol]
    board.o(.ARM.exidx.text.uart0_send_string) refers to board.o(.text.uart0_send_string) for [Anonymous Symbol]
    board.o(.ARM.exidx.text._sys_exit) refers to board.o(.text._sys_exit) for [Anonymous Symbol]
    board.o(.ARM.exidx.text.fputc) refers to board.o(.text.fputc) for [Anonymous Symbol]
    timer.o(.ARM.exidx.text.timer0_init) refers to timer.o(.text.timer0_init) for [Anonymous Symbol]
    timer.o(.ARM.exidx.text.timer1_init) refers to timer.o(.text.timer1_init) for [Anonymous Symbol]
    key.o(.text.Key_GetNum1) refers to board.o(.text.delay_ms) for delay_ms
    key.o(.ARM.exidx.text.Key_GetNum1) refers to key.o(.text.Key_GetNum1) for [Anonymous Symbol]
    key.o(.text.Key_GetNum2) refers to board.o(.text.delay_ms) for delay_ms
    key.o(.ARM.exidx.text.Key_GetNum2) refers to key.o(.text.Key_GetNum2) for [Anonymous Symbol]
    key.o(.text.Key_GetNum3) refers to board.o(.text.delay_ms) for delay_ms
    key.o(.ARM.exidx.text.Key_GetNum3) refers to key.o(.text.Key_GetNum3) for [Anonymous Symbol]
    led.o(.ARM.exidx.text.LED_Blue_ON) refers to led.o(.text.LED_Blue_ON) for [Anonymous Symbol]
    led.o(.ARM.exidx.text.LED_Blue_OFF) refers to led.o(.text.LED_Blue_OFF) for [Anonymous Symbol]
    led.o(.ARM.exidx.text.LED_Green_ON) refers to led.o(.text.LED_Green_ON) for [Anonymous Symbol]
    led.o(.ARM.exidx.text.LED_Green_OFF) refers to led.o(.text.LED_Green_OFF) for [Anonymous Symbol]
    buzzer.o(.ARM.exidx.text.Buzzer_OFF) refers to buzzer.o(.text.Buzzer_OFF) for [Anonymous Symbol]
    buzzer.o(.ARM.exidx.text.Buzzer_ON) refers to buzzer.o(.text.Buzzer_ON) for [Anonymous Symbol]
    motor.o(.text.Motor_left_duty) refers to dl_timer.o(.text.DL_Timer_setCaptureCompareValue) for DL_Timer_setCaptureCompareValue
    motor.o(.ARM.exidx.text.Motor_left_duty) refers to motor.o(.text.Motor_left_duty) for [Anonymous Symbol]
    motor.o(.text.Motor_right_duty) refers to dl_timer.o(.text.DL_Timer_setCaptureCompareValue) for DL_Timer_setCaptureCompareValue
    motor.o(.ARM.exidx.text.Motor_right_duty) refers to motor.o(.text.Motor_right_duty) for [Anonymous Symbol]
    motor.o(.text.Motor_left_Control) refers to ffixui.o(.text) for __aeabi_f2uiz
    motor.o(.text.Motor_left_Control) refers to dl_timer.o(.text.DL_Timer_setCaptureCompareValue) for DL_Timer_setCaptureCompareValue
    motor.o(.text.Motor_left_Control) refers to motor.o(.data.motor_left_dir) for motor_left_dir
    motor.o(.ARM.exidx.text.Motor_left_Control) refers to motor.o(.text.Motor_left_Control) for [Anonymous Symbol]
    motor.o(.text.Motor_right_Control) refers to ffixui.o(.text) for __aeabi_f2uiz
    motor.o(.text.Motor_right_Control) refers to dl_timer.o(.text.DL_Timer_setCaptureCompareValue) for DL_Timer_setCaptureCompareValue
    motor.o(.text.Motor_right_Control) refers to motor.o(.data.motor_right_dir) for motor_right_dir
    motor.o(.ARM.exidx.text.Motor_right_Control) refers to motor.o(.text.Motor_right_Control) for [Anonymous Symbol]
    motor.o(.text.CarForward) refers to dl_timer.o(.text.DL_Timer_setCaptureCompareValue) for DL_Timer_setCaptureCompareValue
    motor.o(.ARM.exidx.text.CarForward) refers to motor.o(.text.CarForward) for [Anonymous Symbol]
    motor.o(.text.CarBackward) refers to dl_timer.o(.text.DL_Timer_setCaptureCompareValue) for DL_Timer_setCaptureCompareValue
    motor.o(.ARM.exidx.text.CarBackward) refers to motor.o(.text.CarBackward) for [Anonymous Symbol]
    motor.o(.text.CarTurnLeft) refers to dl_timer.o(.text.DL_Timer_setCaptureCompareValue) for DL_Timer_setCaptureCompareValue
    motor.o(.ARM.exidx.text.CarTurnLeft) refers to motor.o(.text.CarTurnLeft) for [Anonymous Symbol]
    motor.o(.text.CarLeftForward) refers to dl_timer.o(.text.DL_Timer_setCaptureCompareValue) for DL_Timer_setCaptureCompareValue
    motor.o(.ARM.exidx.text.CarLeftForward) refers to motor.o(.text.CarLeftForward) for [Anonymous Symbol]
    motor.o(.text.CarLeftBackward) refers to dl_timer.o(.text.DL_Timer_setCaptureCompareValue) for DL_Timer_setCaptureCompareValue
[...]
    dl_lfss.c                                0x00000000   Number         0  dl_lfss.o ABSOLUTE
    dl_mathacl.c                             0x00000000   Number         0  dl_mathacl.o ABSOLUTE
    dl_mcan.c                                0x00000000   Number         0  dl_mcan.o ABSOLUTE
    dl_opa.c                                 0x00000000   Number         0  dl_opa.o ABSOLUTE
    dl_rtc_common.c                          0x00000000   Number         0  dl_rtc_common.o ABSOLUTE
    dl_spi.c                                 0x00000000   Number         0  dl_spi.o ABSOLUTE
    dl_timer.c                               0x00000000   Number         0  dl_timer.o ABSOLUTE
    dl_trng.c                                0x00000000   Number         0  dl_trng.o ABSOLUTE
    dl_uart.c                                0x00000000   Number         0  dl_uart.o ABSOLUTE
    dl_vref.c                                0x00000000   Number         0  dl_vref.o ABSOLUTE
    empty.c                                  0x00000000   Number         0  empty.o ABSOLUTE
    encoder.c                                0x00000000   Number         0  encoder.o ABSOLUTE
    gray.c                                   0x00000000   Number         0  gray.o ABSOLUTE
    gray_track.c                             0x00000000   Number         0  gray_track.o ABSOLUTE
    hc06.c                                   0x00000000   Number         0  hc06.o ABSOLUTE
    key.c                                    0x00000000   Number         0  key.o ABSOLUTE
    led.c                                    0x00000000   Number         0  led.o ABSOLUTE
    minpc.c                                  0x00000000   Number         0  minpc.o ABSOLUTE
    motor.c                                  0x00000000   Number         0  motor.o ABSOLUTE
    pid.c                                    0x00000000   Number         0  pid.o ABSOLUTE
    speed.c                                  0x00000000   Number         0  speed.o ABSOLUTE
    startup_mspm0g350x_uvision.s             0x00000000   Number         0  startup_mspm0g350x_uvision.o ABSOLUTE
    test.c                                   0x00000000   Number         0  test.o ABSOLUTE
    ti_msp_dl_config.c                       0x00000000   Number         0  ti_msp_dl_config.o ABSOLUTE
    timer.c                                  0x00000000   Number         0  timer.o ABSOLUTE
    RESET                                    0x00000000   Section      192  startup_mspm0g350x_uvision.o(RESET)
    !!!main                                  0x000000c0   Section        8  __main.o(!!!main)
    !!!scatter                               0x000000c8   Section       84  __scatter.o(!!!scatter)
    !!handler_copy                           0x00000120   Section       26  __scatter_copy.o(!!handler_copy)
    !!handler_null                           0x00000140   Section        2  __scatter.o(!!handler_null)
    !!handler_zi                             0x00000148   Section       28  __scatter_zi.o(!!handler_zi)
    .ARM.Collect$$libinit$$00000000          0x00000164   Section        2  libinit.o(.ARM.Collect$$libinit$$00000000)
    .ARM.Collect$$libinit$$00000002          0x00000166   Section        0  libinit2.o(.ARM.Collect$$libinit$$00000002)
    .ARM.Collect$$libinit$$00000004          0x00000166   Section        0  libinit2.o(.ARM.Collect$$libinit$$00000004)
    .ARM.Collect$$libinit$$00000006          0x00000166   Section        0  libinit2.o(.ARM.Collect$$libinit$$00000006)
    .ARM.Collect$$libinit$$0000000C          0x00000166   Section        0  libinit2.o(.ARM.Collect$$libinit$$0000000C)
    .ARM.Collect$$libinit$$0000000E          0x00000166   Section        0  libinit2.o(.ARM.Collect$$libinit$$0000000E)
    .ARM.Collect$$libinit$$00000010          0x00000166   Section        0  libinit2.o(.ARM.Collect$$libinit$$00000010)
    .ARM.Collect$$libinit$$00000013          0x00000166   Section        0  libinit2.o(.ARM.Collect$$libinit$$00000013)
    .ARM.Collect$$libinit$$00000015          0x00000166   Section        0  libinit2.o(.ARM.Collect$$libinit$$00000015)
    .ARM.Collect$$libinit$$00000017          0x00000166   Section        0  libinit2.o(.ARM.Collect$$libinit$$00000017)
    .ARM.Collect$$libinit$$00000019          0x00000166   Section        0  libinit2.o(.ARM.Collect$$libinit$$00000019)
    .ARM.Collect$$libinit$$0000001B          0x00000166   Section        0  libinit2.o(.ARM.Collect$$libinit$$0000001B)
    .ARM.Collect$$libinit$$0000001D          0x00000166   Section        0  libinit2.o(.ARM.Collect$$libinit$$0000001D)
    .ARM.Collect$$libinit$$0000001F          0x00000166   Section        0  libinit2.o(.ARM.Collect$$libinit$$0000001F)
    .ARM.Collect$$libinit$$00000021          0x00000166   Section        0  libinit2.o(.ARM.Collect$$libinit$$00000021)
    .ARM.Collect$$libinit$$00000023          0x00000166   Section        0  libinit2.o(.ARM.Collect$$libinit$$00000023)
    .ARM.Collect$$libinit$$00000025          0x00000166   Section        0  libinit2.o(.ARM.Collect$$libinit$$00000025)
    .ARM.Collect$$libinit$$00000027          0x00000166   Section        0  libinit2.o(.ARM.Collect$$libinit$$00000027)
    .ARM.Collect$$libinit$$0000002E          0x00000166   Section        0  libinit2.o(.ARM.Collect$$libinit$$0000002E)
    .ARM.Collect$$libinit$$00000030          0x00000166   Section        0  libinit2.o(.ARM.Collect$$libinit$$00000030)
    .ARM.Collect$$libinit$$00000032          0x00000166   Section        0  libinit2.o(.ARM.Collect$$libinit$$00000032)
    .ARM.Collect$$libinit$$00000034          0x00000166   Section        0  libinit2.o(.ARM.Collect$$libinit$$00000034)
    .ARM.Collect$$libinit$$00000035          0x00000166   Section        2  libinit2.o(.ARM.Collect$$libinit$$00000035)
    .ARM.Collect$$libshutdown$$00000000      0x00000168   Section        2  libshutdown.o(.ARM.Collect$$libshutdown$$00000000)
    .ARM.Collect$$libshutdown$$00000002      0x0000016a   Section        0  libshutdown2.o(.ARM.Collect$$libshutdown$$00000002)
    .ARM.Collect$$libshutdown$$00000004      0x0000016a   Section        0  libshutdown2.o(.ARM.Collect$$libshutdown$$00000004)
    .ARM.Collect$$libshutdown$$00000007      0x0000016a   Section        0  libshutdown2.o(.ARM.Collect$$libshutdown$$00000007)
    .ARM.Collect$$libshutdown$$0000000A      0x0000016a   Section        0  libshutdown2.o(.ARM.Collect$$libshutdown$$0000000A)
    .ARM.Collect$$libshutdown$$0000000C      0x0000016a   Section        0  libshutdown2.o(.ARM.Collect$$libshutdown$$0000000C)
    .ARM.Collect$$libshutdown$$0000000F      0x0000016a   Section        0  libshutdown2.o(.ARM.Collect$$libshutdown$$0000000F)
    .ARM.Collect$$libshutdown$$00000010      0x0000016a   Section        2  libshutdown2.o(.ARM.Collect$$libshutdown$$00000010)
    .ARM.Collect$$rtentry$$00000000          0x0000016c   Section        0  __rtentry.o(.ARM.Collect$$rtentry$$00000000)
    .ARM.Collect$$rtentry$$00000002          0x0000016c   Section        0  __rtentry2.o(.ARM.Collect$$rtentry$$00000002)
    .ARM.Collect$$rtentry$$00000004          0x0000016c   Section        6  __rtentry4.o(.ARM.Collect$$rtentry$$00000004)
    .ARM.Collect$$rtentry$$00000009          0x00000172   Section        0  __rtentry2.o(.ARM.Collect$$rtentry$$00000009)
    .ARM.Collect$$rtentry$$0000000A          0x00000172   Section        4  __rtentry2.o(.ARM.Collect$$rtentry$$0000000A)
    .ARM.Collect$$rtentry$$0000000C          0x00000176   Section        0  __rtentry2.o(.ARM.Collect$$rtentry$$0000000C)
    .ARM.Collect$$rtentry$$0000000D          0x00000176   Section        8  __rtentry2.o(.ARM.Collect$$rtentry$$0000000D)
    .ARM.Collect$$rtexit$$00000000           0x0000017e   Section        2  rtexit.o(.ARM.Collect$$rtexit$$00000000)
    .ARM.Collect$$rtexit$$00000002           0x00000180   Section        0  rtexit2.o(.ARM.Collect$$rtexit$$00000002)
    .ARM.Collect$$rtexit$$00000003           0x00000180   Section        4  rtexit2.o(.ARM.Collect$$rtexit$$00000003)
    .ARM.Collect$$rtexit$$00000004           0x00000184   Section        6  rtexit2.o(.ARM.Collect$$rtexit$$00000004)
    .text                                    0x0000018c   Section       48  startup_mspm0g350x_uvision.o(.text)
    .text                                    0x000001bc   Section        0  heapauxi.o(.text)
    .text                                    0x000001c4   Section        0  d2f.o(.text)
    _dadd1                                   0x00000241   Thumb Code   290  daddsub.o(.text)
    .text                                    0x00000240   Section        0  daddsub.o(.text)
    _dsub1                                   0x00000363   Thumb Code   470  daddsub.o(.text)
    .text                                    0x00000598   Section        0  ddiv.o(.text)
    .text                                    0x000009e0   Section        0  dflti.o(.text)
    .text                                    0x00000a38   Section        0  dmul.o(.text)
    .text                                    0x00000c80   Section        0  f2d.o(.text)
    .text                                    0x00000cd4   Section        0  fdiv.o(.text)
    .text                                    0x00000e34   Section        0  ffixi.o(.text)
    .text                                    0x00000e80   Section        0  ffixui.o(.text)
    .text                                    0x00000eb0   Section        0  fflti.o(.text)
    .text                                    0x00000f10   Section        0  fcmpin.o(.text)
    .text                                    0x00000f74   Section       62  sys_stackheap_outer.o(.text)
    .text                                    0x00000fb2   Section        0  exit.o(.text)
    .text                                    0x00000fc2   Section        0  cmpret.o(.text)
    .text                                    0x00000ff0   Section        0  fnan2.o(.text)
    .text                                    0x00001000   Section        8  libspace.o(.text)
    .text                                    0x00001008   Section        0  retnan.o(.text)
    [Anonymous Symbol]                       0x00001068   Section        0  buzzer.o(.text.Buzzer_OFF)
    __arm_cp.0_0                             0x00001074   Number         4  buzzer.o(.text.Buzzer_OFF)
    [Anonymous Symbol]                       0x00001078   Section        0  motor.o(.text.CarBackward)
    [Anonymous Symbol]                       0x000010b0   Section        0  motor.o(.text.CarForward)
    [Anonymous Symbol]                       0x000010e8   Section        0  motor.o(.text.CarLeftBackward)
    [Anonymous Symbol]                       0x00001118   Section        0  motor.o(.text.CarLeftForward)
    [Anonymous Symbol]                       0x00001148   Section        0  motor.o(.text.CarRightBackward)
    [Anonymous Symbol]                       0x00001178   Section        0  motor.o(.text.CarRightForward)
    [Anonymous Symbol]                       0x000011a8   Section        0  motor.o(.text.CarStop)
    [Anonymous Symbol]                       0x000011c0   Section        0  motor.o(.text.CarTurnLeft)
    [Anonymous Symbol]                       0x000011f0   Section        0  motor.o(.text.CarTurnRight)
    __arm_cp.9_0                             0x00001220   Number         4  motor.o(.text.CarTurnRight)
    __arm_cp.9_1                             0x00001224   Number         4  motor.o(.text.CarTurnRight)
    [Anonymous Symbol]                       0x00001228   Section        0  dl_common.o(.text.DL_Common_delayCycles)
    [Anonymous Symbol]                       0x00001234   Section        0  dl_timer.o(.text.DL_Timer_initFourCCPWMMode)
    __arm_cp.11_0                            0x000012f0   Number         4  dl_timer.o(.text.DL_Timer_initFourCCPWMMode)
    __arm_cp.11_4                            0x000012f4   Number         4  dl_timer.o(.text.DL_Timer_initFourCCPWMMode)
    __arm_cp.11_5                            0x000012f8   Number         4  dl_timer.o(.text.DL_Timer_initFourCCPWMMode)
    __arm_cp.11_6                            0x000012fc   Number         4  dl_timer.o(.text.DL_Timer_initFourCCPWMMode)
    __arm_cp.11_7                            0x00001300   Number         4  dl_timer.o(.text.DL_Timer_initFourCCPWMMode)
    __arm_cp.11_9                            0x00001304   Number         4  dl_timer.o(.text.DL_Timer_initFourCCPWMMode)
    [Anonymous Symbol]                       0x00001308   Section        0  dl_timer.o(.text.DL_Timer_initTimerMode)
    __arm_cp.2_0                             0x000013e8   Number         4  dl_timer.o(.text.DL_Timer_initTimerMode)
    __arm_cp.2_2                             0x000013ec   Number         4  dl_timer.o(.text.DL_Timer_initTimerMode)
    __arm_cp.2_3                             0x000013f0   Number         4  dl_timer.o(.text.DL_Timer_initTimerMode)
    [Anonymous Symbol]                       0x000013f4   Section        0  dl_timer.o(.text.DL_Timer_setCaptCompUpdateMethod)
    __arm_cp.18_0                            0x0000140c   Number         4  dl_timer.o(.text.DL_Timer_setCaptCompUpdateMethod)
    [Anonymous Symbol]                       0x00001410   Section        0  dl_timer.o(.text.DL_Timer_setCaptureCompareOutCtl)
    __arm_cp.13_0                            0x00001424   Number         4  dl_timer.o(.text.DL_Timer_setCaptureCompareOutCtl)
    [Anonymous Symbol]                       0x00001428   Section        0  dl_timer.o(.text.DL_Timer_setCaptureCompareValue)
    __arm_cp.3_0                             0x00001434   Number         4  dl_timer.o(.text.DL_Timer_setCaptureCompareValue)
    [Anonymous Symbol]                       0x00001438   Section        0  dl_timer.o(.text.DL_Timer_setClockConfig)
    __arm_cp.0_0                             0x00001450   Number         4  dl_timer.o(.text.DL_Timer_setClockConfig)
    [Anonymous Symbol]                       0x00001454   Section        0  dl_uart.o(.text.DL_UART_init)
    __arm_cp.0_0                             0x00001494   Number         4  dl_uart.o(.text.DL_UART_init)
    __arm_cp.0_1                             0x00001498   Number         4  dl_uart.o(.text.DL_UART_init)
    [Anonymous Symbol]                       0x0000149c   Section        0  dl_uart.o(.text.DL_UART_setClockConfig)
    [Anonymous Symbol]                       0x000014b0   Section        0  encoder.o(.text.GROUP1_IRQHandler)
    __arm_cp.1_0                             0x00001548   Number         4  encoder.o(.text.GROUP1_IRQHandler)
    __arm_cp.1_1                             0x0000154c   Number         4  encoder.o(.text.GROUP1_IRQHandler)
    __arm_cp.1_3                             0x00001550   Number         4  encoder.o(.text.GROUP1_IRQHandler)
    __arm_cp.1_5                             0x00001554   Number         4  encoder.o(.text.GROUP1_IRQHandler)
    [Anonymous Symbol]                       0x00001558   Section        0  gray.o(.text.Gray_Read)
    __arm_cp.0_0                             0x000015c4   Number         4  gray.o(.text.Gray_Read)
    __arm_cp.0_1                             0x000015c8   Number         4  gray.o(.text.Gray_Read)
    __arm_cp.0_2                             0x000015cc   Number         4  gray.o(.text.Gray_Read)
    [Anonymous Symbol]                       0x000015d0   Section        0  hc06.o(.text.HC06Init)
    __arm_cp.0_0                             0x000015e0   Number         4  hc06.o(.text.HC06Init)
    __arm_cp.0_1                             0x000015e4   Number         4  hc06.o(.text.HC06Init)
    [Anonymous Symbol]                       0x000015e8   Section        0  led.o(.text.LED_Blue_OFF)
    [Anonymous Symbol]                       0x000015f4   Section        0  led.o(.text.LED_Blue_ON)
    [Anonymous Symbol]                       0x00001600   Section        0  led.o(.text.LED_Green_OFF)
    __arm_cp.3_0                             0x0000160c   Number         4  led.o(.text.LED_Green_OFF)
    [Anonymous Symbol]                       0x00001610   Section        0  led.o(.text.LED_Green_ON)
    [Anonymous Symbol]                       0x0000161c   Section        0  motor.o(.text.Motor_left_Control)
    __arm_cp.2_0                             0x00001654   Number         4  motor.o(.text.Motor_left_Control)
    [Anonymous Symbol]                       0x00001658   Section        0  motor.o(.text.Motor_right_Control)
    __arm_cp.3_0                             0x00001690   Number         4  motor.o(.text.Motor_right_Control)
    __arm_cp.3_1                             0x00001694   Number         4  motor.o(.text.Motor_right_Control)
    [Anonymous Symbol]                       0x00001698   Section        0  pid.o(.text.PID_select)
    __arm_cp.4_0                             0x000016dc   Number         4  pid.o(.text.PID_select)
    __arm_cp.4_1                             0x000016e0   Number         4  pid.o(.text.PID_select)
    __arm_cp.4_2                             0x000016e4   Number         4  pid.o(.text.PID_select)
    [Anonymous Symbol]                       0x000016e8   Section        0  ti_msp_dl_config.o(.text.SYSCFG_DL_GPIO_init)
    __arm_cp.2_0                             0x000017a4   Number         4  ti_msp_dl_config.o(.text.SYSCFG_DL_GPIO_init)
    __arm_cp.2_1                             0x000017a8   Number         4  ti_msp_dl_config.o(.text.SYSCFG_DL_GPIO_init)
    __arm_cp.2_2                             0x000017ac   Number         4  ti_msp_dl_config.o(.text.SYSCFG_DL_GPIO_init)
    __arm_cp.2_3                             0x000017b0   Number         4  ti_msp_dl_config.o(.text.SYSCFG_DL_GPIO_init)
    __arm_cp.2_4                             0x000017b4   Number         4  ti_msp_dl_config.o(.text.SYSCFG_DL_GPIO_init)
    __arm_cp.2_5                             0x000017b8   Number         4  ti_msp_dl_config.o(.text.SYSCFG_DL_GPIO_init)
    __arm_cp.2_6                             0x000017bc   Number         4  ti_msp_dl_config.o(.text.SYSCFG_DL_GPIO_init)
    __arm_cp.2_7                             0x000017c0   Number         4  ti_msp_dl_config.o(.text.SYSCFG_DL_GPIO_init)
    __arm_cp.2_8                             0x000017c4   Number         4  ti_msp_dl_config.o(.text.SYSCFG_DL_GPIO_init)
    __arm_cp.2_9                             0x000017c8   Number         4  ti_msp_dl_config.o(.text.SYSCFG_DL_GPIO_init)
    __arm_cp.2_10                            0x000017cc   Number         4  ti_msp_dl_config.o(.text.SYSCFG_DL_GPIO_init)
    __arm_cp.2_11                            0x000017d0   Number         4  ti_msp_dl_config.o(.text.SYSCFG_DL_GPIO_init)
    __arm_cp.2_12                            0x000017d4   Number         4  ti_msp_dl_config.o(.text.SYSCFG_DL_GPIO_init)
    [Anonymous Symbol]                       0x000017d8   Section        0  ti_msp_dl_config.o(.text.SYSCFG_DL_PWM_init)
    __arm_cp.4_0                             0x0000184c   Number         4  ti_msp_dl_config.o(.text.SYSCFG_DL_PWM_init)
    __arm_cp.4_1                             0x00001850   Number         4  ti_msp_dl_config.o(.text.SYSCFG_DL_PWM_init)
    __arm_cp.4_2                             0x00001854   Number         4  ti_msp_dl_config.o(.text.SYSCFG_DL_PWM_init)
    __arm_cp.4_3                             0x00001858   Number         4  ti_msp_dl_config.o(.text.SYSCFG_DL_PWM_init)
    __arm_cp.4_4                             0x0000185c   Number         4  ti_msp_dl_config.o(.text.SYSCFG_DL_PWM_init)
    __arm_cp.4_5                             0x00001860   Number         4  ti_msp_dl_config.o(.text.SYSCFG_DL_PWM_init)
    [Anonymous Symbol]                       0x00001864   Section        0  ti_msp_dl_config.o(.text.SYSCFG_DL_SYSCTL_init)
    __arm_cp.3_0                             0x000018a4   Number         4  ti_msp_dl_config.o(.text.SYSCFG_DL_SYSCTL_init)
    __arm_cp.3_1                             0x000018a8   Number         4  ti_msp_dl_config.o(.text.SYSCFG_DL_SYSCTL_init)
    __arm_cp.3_2                             0x000018ac   Number         4  ti_msp_dl_config.o(.text.SYSCFG_DL_SYSCTL_init)
    [Anonymous Symbol]                       0x000018b0   Section        0  ti_msp_dl_config.o(.text.SYSCFG_DL_SYSTICK_init)
    __arm_cp.8_0                             0x000018c8   Number         4  ti_msp_dl_config.o(.text.SYSCFG_DL_SYSTICK_init)
    [Anonymous Symbol]                       0x000018cc   Section        0  ti_msp_dl_config.o(.text.SYSCFG_DL_TIMER_0_init)
    __arm_cp.5_0                             0x000018fc   Number         4  ti_msp_dl_config.o(.text.SYSCFG_DL_TIMER_0_init)
    __arm_cp.5_1                             0x00001900   Number         4  ti_msp_dl_config.o(.text.SYSCFG_DL_TIMER_0_init)
    __arm_cp.5_2                             0x00001904   Number         4  ti_msp_dl_config.o(.text.SYSCFG_DL_TIMER_0_init)
    __arm_cp.5_3                             0x00001908   Number         4  ti_msp_dl_config.o(.text.SYSCFG_DL_TIMER_0_init)
    __arm_cp.5_5                             0x0000190c   Number         4  ti_msp_dl_config.o(.text.SYSCFG_DL_TIMER_0_init)
    [Anonymous Symbol]                       0x00001910   Section        0  ti_msp_dl_config.o(.text.SYSCFG_DL_TIMER_1_init)
    __arm_cp.6_0                             0x00001944   Number         4  ti_msp_dl_config.o(.text.SYSCFG_DL_TIMER_1_init)
    __arm_cp.6_1                             0x00001948   Number         4  ti_msp_dl_config.o(.text.SYSCFG_DL_TIMER_1_init)
    __arm_cp.6_2                             0x0000194c   Number         4  ti_msp_dl_config.o(.text.SYSCFG_DL_TIMER_1_init)
    __arm_cp.6_3                             0x00001950   Number         4  ti_msp_dl_config.o(.text.SYSCFG_DL_TIMER_1_init)
    __arm_cp.6_4                             0x00001954   Number         4  ti_msp_dl_config.o(.text.SYSCFG_DL_TIMER_1_init)
    __arm_cp.6_5                             0x00001958   Number         4  ti_msp_dl_config.o(.text.SYSCFG_DL_TIMER_1_init)
    [Anonymous Symbol]                       0x0000195c   Section        0  ti_msp_dl_config.o(.text.SYSCFG_DL_UART_0_init)
    __arm_cp.7_0                             0x000019b4   Number         4  ti_msp_dl_config.o(.text.SYSCFG_DL_UART_0_init)
    __arm_cp.7_1                             0x000019b8   Number         4  ti_msp_dl_config.o(.text.SYSCFG_DL_UART_0_init)
    __arm_cp.7_2                             0x000019bc   Number         4  ti_msp_dl_config.o(.text.SYSCFG_DL_UART_0_init)
    __arm_cp.7_3                             0x000019c0   Number         4  ti_msp_dl_config.o(.text.SYSCFG_DL_UART_0_init)
    __arm_cp.7_4                             0x000019c4   Number         4  ti_msp_dl_config.o(.text.SYSCFG_DL_UART_0_init)
    __arm_cp.7_5                             0x000019c8   Number         4  ti_msp_dl_config.o(.text.SYSCFG_DL_UART_0_init)
    [Anonymous Symbol]                       0x000019cc   Section        0  ti_msp_dl_config.o(.text.SYSCFG_DL_init)
    __arm_cp.0_0                             0x00001a00   Number         4  ti_msp_dl_config.o(.text.SYSCFG_DL_init)
    __arm_cp.0_1                             0x00001a04   Number         4  ti_msp_dl_config.o(.text.SYSCFG_DL_init)
    [Anonymous Symbol]                       0x00001a08   Section        0  ti_msp_dl_config.o(.text.SYSCFG_DL_initPower)
    __arm_cp.1_0                             0x00001a3c   Number         4  ti_msp_dl_config.o(.text.SYSCFG_DL_initPower)
    __arm_cp.1_1                             0x00001a40   Number         4  ti_msp_dl_config.o(.text.SYSCFG_DL_initPower)
    __arm_cp.1_2                             0x00001a44   Number         4  ti_msp_dl_config.o(.text.SYSCFG_DL_initPower)
    __arm_cp.1_3                             0x00001a48   Number         4  ti_msp_dl_config.o(.text.SYSCFG_DL_initPower)
    __arm_cp.1_4                             0x00001a4c   Number         4  ti_msp_dl_config.o(.text.SYSCFG_DL_initPower)
    __arm_cp.1_5                             0x00001a50   Number         4  ti_msp_dl_config.o(.text.SYSCFG_DL_initPower)
    __arm_cp.1_6                             0x00001a54   Number         4  ti_msp_dl_config.o(.text.SYSCFG_DL_initPower)
    __arm_cp.1_7                             0x00001a58   Number         4  ti_msp_dl_config.o(.text.SYSCFG_DL_initPower)
    [Anonymous Symbol]                       0x00001a5c   Section        0  empty.o(.text.TIMA0_IRQHandler)
    __arm_cp.1_0                             0x00001a74   Number         4  empty.o(.text.TIMA0_IRQHandler)
    __arm_cp.1_1                             0x00001a78   Number         4  empty.o(.text.TIMA0_IRQHandler)
    [Anonymous Symbol]                       0x00001a7c   Section        0  empty.o(.text.TIMG0_IRQHandler)
    __arm_cp.2_0                             0x00001aa0   Number         4  empty.o(.text.TIMG0_IRQHandler)
    __arm_cp.2_2                             0x00001aa4   Number         4  empty.o(.text.TIMG0_IRQHandler)
    [Anonymous Symbol]                       0x00001aa8   Section        0  hc06.o(.text.UART0_IRQHandler)
    __arm_cp.1_0                             0x00001b08   Number         4  hc06.o(.text.UART0_IRQHandler)
    __arm_cp.1_1                             0x00001b0c   Number         4  hc06.o(.text.UART0_IRQHandler)
    [Anonymous Symbol]                       0x00001b10   Section        0  app_utils.o(.text.UpdateSoundLight)
    __arm_cp.3_0                             0x00001b3c   Number         4  app_utils.o(.text.UpdateSoundLight)
    __arm_cp.3_1                             0x00001b40   Number         4  app_utils.o(.text.UpdateSoundLight)
    [Anonymous Symbol]                       0x00001b44   Section        0  board.o(.text._sys_exit)
    [Anonymous Symbol]                       0x00001b46   Section        0  board.o(.text.board_init)
    [Anonymous Symbol]                       0x00001b50   Section        0  app_utils.o(.text.capture_initial_yaw)
    __arm_cp.1_0                             0x00001b84   Number         4  app_utils.o(.text.capture_initial_yaw)
    [Anonymous Symbol]                       0x00001b88   Section        0  board.o(.text.delay_ms)
    __arm_cp.2_0                             0x00001bcc   Number         4  board.o(.text.delay_ms)
    [Anonymous Symbol]                       0x00001bd0   Section        0  encoder.o(.text.encoder_Init)
    [Anonymous Symbol]                       0x00001be0   Section        0  empty.o(.text.main)
    [Anonymous Symbol]                       0x00001bf6   Section        0  pid.o(.text.pid_cal)
    [Anonymous Symbol]                       0x00001cb4   Section        0  pid.o(.text.pidout_limit)
    [Anonymous Symbol]                       0x00001cfc   Section        0  speed.o(.text.speed_cal)
    __arm_cp.0_0                             0x00001dc0   Number         4  speed.o(.text.speed_cal)
    __arm_cp.0_1                             0x00001dc4   Number         4  speed.o(.text.speed_cal)
    __arm_cp.0_2                             0x00001dc8   Number         4  speed.o(.text.speed_cal)
    __arm_cp.0_3                             0x00001dcc   Number         4  speed.o(.text.speed_cal)
    __arm_cp.0_4                             0x00001dd0   Number         4  speed.o(.text.speed_cal)
    __arm_cp.0_5                             0x00001dd4   Number         4  speed.o(.text.speed_cal)
    __arm_cp.0_6                             0x00001dd8   Number         4  speed.o(.text.speed_cal)
    __arm_cp.0_7                             0x00001ddc   Number         4  speed.o(.text.speed_cal)
    __arm_cp.0_8                             0x00001de0   Number         4  speed.o(.text.speed_cal)
    __arm_cp.0_10                            0x00001de4   Number         4  speed.o(.text.speed_cal)
    [Anonymous Symbol]                       0x00001de8   Section        0  speed.o(.text.speed_pid_control)
    __arm_cp.4_0                             0x00001f14   Number         4  speed.o(.text.speed_pid_control)
    __arm_cp.4_1                             0x00001f18   Number         4  speed.o(.text.speed_pid_control)
    __arm_cp.4_2                             0x00001f1c   Number         4  speed.o(.text.speed_pid_control)
    __arm_cp.4_3                             0x00001f20   Number         4  speed.o(.text.speed_pid_control)
    __arm_cp.4_4                             0x00001f24   Number         4  speed.o(.text.speed_pid_control)
    __arm_cp.4_5                             0x00001f28   Number         4  speed.o(.text.speed_pid_control)
    __arm_cp.4_6                             0x00001f2c   Number         4  speed.o(.text.speed_pid_control)
    __arm_cp.4_7                             0x00001f30   Number         4  speed.o(.text.speed_pid_control)
    __arm_cp.4_8                             0x00001f34   Number         4  speed.o(.text.speed_pid_control)
    __arm_cp.4_9                             0x00001f38   Number         4  speed.o(.text.speed_pid_control)
    __arm_cp.4_10                            0x00001f3c   Number         4  speed.o(.text.speed_pid_control)
    __arm_cp.4_11                            0x00001f40   Number         4  speed.o(.text.speed_pid_control)
    __arm_cp.4_12                            0x00001f44   Number         4  speed.o(.text.speed_pid_control)
    __arm_cp.4_13                            0x00001f48   Number         4  speed.o(.text.speed_pid_control)
    __arm_cp.4_14                            0x00001f4c   Number         4  speed.o(.text.speed_pid_control)
    [Anonymous Symbol]                       0x00001f50   Section        0  timer.o(.text.timer0_init)
    [Anonymous Symbol]                       0x00001f60   Section        0  timer.o(.text.timer1_init)
    __arm_cp.1_0                             0x00001f70   Number         4  timer.o(.text.timer1_init)
    __arm_cp.1_1                             0x00001f74   Number         4  timer.o(.text.timer1_init)
    [Anonymous Symbol]                       0x00001f78   Section        0  gray_track.o(.text.track1_pid_control)
    __arm_cp.0_0                             0x000020a0   Number         4  gray_track.o(.text.track1_pid_control)
    [Anonymous Symbol]                       0x000020a4   Section        0  gray_track.o(.text.track2_pid_control)
    __arm_cp.1_0                             0x000021b4   Number         4  gray_track.o(.text.track2_pid_control)
    __arm_cp.1_1                             0x000021b8   Number         4  gray_track.o(.text.track2_pid_control)
    __arm_cp.1_2                             0x000021bc   Number         4  gray_track.o(.text.track2_pid_control)
    __arm_cp.1_3                             0x000021c0   Number         4  gray_track.o(.text.track2_pid_control)
    __arm_cp.1_4                             0x000021c4   Number         4  gray_track.o(.text.track2_pid_control)
    [Anonymous Symbol]                       0x000021c8   Section        0  gray_track.o(.text.trackloop_pid_control)
    [Anonymous Symbol]                       0x000021e0   Section        0  speed.o(.text.turn_90_control)
    __arm_cp.3_0                             0x00002318   Number         4  speed.o(.text.turn_90_control)
    __arm_cp.3_1                             0x0000231c   Number         4  speed.o(.text.turn_90_control)
    __arm_cp.3_2                             0x00002320   Number         4  speed.o(.text.turn_90_control)
    __arm_cp.3_3                             0x00002324   Number         4  speed.o(.text.turn_90_control)
    __arm_cp.3_4                             0x00002328   Number         4  speed.o(.text.turn_90_control)
    __arm_cp.3_5                             0x0000232c   Number         4  speed.o(.text.turn_90_control)
    __arm_cp.3_6                             0x00002330   Number         4  speed.o(.text.turn_90_control)
    __arm_cp.3_7                             0x00002334   Number         4  speed.o(.text.turn_90_control)
    __arm_cp.3_8                             0x00002338   Number         4  speed.o(.text.turn_90_control)
    __arm_cp.3_9                             0x0000233c   Number         4  speed.o(.text.turn_90_control)
    __arm_cp.3_10                            0x00002340   Number         4  speed.o(.text.turn_90_control)
    __arm_cp.3_11                            0x00002344   Number         4  speed.o(.text.turn_90_control)
    __arm_cp.3_12                            0x00002348   Number         4  speed.o(.text.turn_90_control)
    __arm_cp.3_13                            0x0000234c   Number         4  speed.o(.text.turn_90_control)
    i._fgeq                                  0x00002350   Section        0  fcmp.o(i._fgeq)
    i._fgr                                   0x00002366   Section        0  fcmp.o(i._fgr)
    i._fleq                                  0x0000237c   Section        0  fcmp.o(i._fleq)
    x$fpl$fadd                               0x00002398   Section      140  faddsub.o(x$fpl$fadd)
    _fadd1                                   0x000023a5   Thumb Code     0  faddsub.o(x$fpl$fadd)
    x$fpl$fgeqf                              0x00002424   Section       84  fgef.o(x$fpl$fgeqf)
    x$fpl$fleqf                              0x00002478   Section       84  flef.o(x$fpl$fleqf)
    x$fpl$fmul                               0x000024cc   Section      176  fmul.o(x$fpl$fmul)
    x$fpl$fsub                               0x0000257c   Section      208  faddsub.o(x$fpl$fsub)
    _fsub1                                   0x00002589   Thumb Code     0  faddsub.o(x$fpl$fsub)
    ddiv_reciptbl                            0x0000264c   Data         128  ddiv.o(.constdata)
    .constdata                               0x0000264c   Section      128  ddiv.o(.constdata)
    x$fpl$usenofp                            0x0000264c   Section        0  usenofp.o(x$fpl$usenofp)
    fdiv_tab                                 0x000026cc   Data          64  fdiv.o(.constdata)
    .constdata                               0x000026cc   Section       64  fdiv.o(.constdata)
    gPWMClockConfig                          0x0000270c   Data           3  ti_msp_dl_config.o(.rodata.gPWMClockConfig)
    [Anonymous Symbol]                       0x0000270c   Section        0  ti_msp_dl_config.o(.rodata.gPWMClockConfig)
    gPWMConfig                               0x00002710   Data           8  ti_msp_dl_config.o(.rodata.gPWMConfig)
    [Anonymous Symbol]                       0x00002710   Section        0  ti_msp_dl_config.o(.rodata.gPWMConfig)
    gTIMER_0ClockConfig                      0x00002718   Data           3  ti_msp_dl_config.o(.rodata.gTIMER_0ClockConfig)
    [Anonymous Symbol]                       0x00002718   Section        0  ti_msp_dl_config.o(.rodata.gTIMER_0ClockConfig)
    gTIMER_0TimerConfig                      0x0000271c   Data          20  ti_msp_dl_config.o(.rodata.gTIMER_0TimerConfig)
    [Anonymous Symbol]                       0x0000271c   Section        0  ti_msp_dl_config.o(.rodata.gTIMER_0TimerConfig)
    gTIMER_1ClockConfig                      0x00002730   Data           3  ti_msp_dl_config.o(.rodata.gTIMER_1ClockConfig)
    [Anonymous Symbol]                       0x00002730   Section        0  ti_msp_dl_config.o(.rodata.gTIMER_1ClockConfig)
    gTIMER_1TimerConfig                      0x00002734   Data          20  ti_msp_dl_config.o(.rodata.gTIMER_1TimerConfig)
    [Anonymous Symbol]                       0x00002734   Section        0  ti_msp_dl_config.o(.rodata.gTIMER_1TimerConfig)
    gUART_0ClockConfig                       0x00002748   Data           2  ti_msp_dl_config.o(.rodata.gUART_0ClockConfig)
    [Anonymous Symbol]                       0x00002748   Section        0  ti_msp_dl_config.o(.rodata.gUART_0ClockConfig)
    gUART_0Config                            0x0000274a   Data          10  ti_msp_dl_config.o(.rodata.gUART_0Config)
    [Anonymous Symbol]                       0x0000274a   Section        0  ti_msp_dl_config.o(.rodata.gUART_0Config)
    .bss                                     0x20200030   Section       96  libspace.o(.bss)
    Velocity_A.ControlVelocityA              0x202000a4   Data           4  speed.o(.bss.Velocity_A.ControlVelocityA)
    [Anonymous Symbol]                       0x202000a4   Section        0  speed.o(.bss.Velocity_A.ControlVelocityA)
    Velocity_A.Last_biasA                    0x202000a8   Data           4  speed.o(.bss.Velocity_A.Last_biasA)
    [Anonymous Symbol]                       0x202000a8   Section        0  speed.o(.bss.Velocity_A.Last_biasA)
    Velocity_B.ControlVelocityB              0x202000ac   Data           4  speed.o(.bss.Velocity_B.ControlVelocityB)
    [Anonymous Symbol]                       0x202000ac   Section        0  speed.o(.bss.Velocity_B.ControlVelocityB)
    Velocity_B.Last_biasB                    0x202000b0   Data           4  speed.o(.bss.Velocity_B.Last_biasB)
    [Anonymous Symbol]                       0x202000b0   Section        0  speed.o(.bss.Velocity_B.Last_biasB)
    speed_cal.last_countA                    0x2020022c   Data           4  speed.o(.bss.speed_cal.last_countA)
    [Anonymous Symbol]                       0x2020022c   Section        0  speed.o(.bss.speed_cal.last_countA)
    speed_cal.last_countB                    0x20200230   Data           4  speed.o(.bss.speed_cal.last_countB)
    [Anonymous Symbol]                       0x20200230   Section        0  speed.o(.bss.speed_cal.last_countB)
    speed_cal.last_speedA                    0x20200234   Data           4  speed.o(.bss.speed_cal.last_speedA)
    [Anonymous Symbol]                       0x20200234   Section        0  speed.o(.bss.speed_cal.last_speedA)
    speed_cal.last_speedB                    0x20200238   Data           4  speed.o(.bss.speed_cal.last_speedB)
    [Anonymous Symbol]                       0x20200238   Section        0  speed.o(.bss.speed_cal.last_speedB)
    Heap_Mem                                 0x202002a8   Data        4096  startup_mspm0g350x_uvision.o(HEAP)
    HEAP                                     0x202002a8   Section     4096  startup_mspm0g350x_uvision.o(HEAP)
    Stack_Mem                                0x202012a8   Data        1024  startup_mspm0g350x_uvision.o(STACK)
    STACK                                    0x202012a8   Section     1024  startup_mspm0g350x_uvision.o(STACK)
    __initial_sp                             0x202016a8   Data           0  startup_mspm0g350x_uvision.o(STACK)

    Global Symbols

    Symbol Name                              Value     Ov Type        Size  Object(Section)

    BuildAttributes$$THM_ISAv3M$S$PE$A:L22$X:L11$S22$IEEE1$IW$~IW$USESV6$~STKCKD$USESV7$~SHL$OTIME$ROPI$EBA8$UX$STANDARDLIB$REQ8$PRES8$EABIv2 0x00000000   Number         0  anon$$obj.o ABSOLUTE
    __Vectors                                0x00000000   Data           4  startup_mspm0g350x_uvision.o(RESET)
    __ARM_exceptions_init                     - Undefined Weak Reference
    __alloca_initialize                       - Undefined Weak Reference
    __arm_preinit_                            - Undefined Weak Reference
    __arm_relocate_pie_                       - Undefined Weak Reference
    __cpp_initialize__aeabi_                  - Undefined Weak Reference
    __cxa_finalize                            - Undefined Weak Reference
    __rt_locale                               - Undefined Weak Reference
    __sigvec_lookup                           - Undefined Weak Reference
    _atexit_init                              - Undefined Weak Reference
    _call_atexit_fns                          - Undefined Weak Reference
    _clock_init                               - Undefined Weak Reference
    _fp_trap_init                             - Undefined Weak Reference
    _fp_trap_shutdown                         - Undefined Weak Reference
    _get_lc_collate                           - Undefined Weak Reference
    _get_lc_ctype                             - Undefined Weak Reference
    _get_lc_monetary                          - Undefined Weak Reference
    _get_lc_numeric                           - Undefined Weak Reference
    _get_lc_time                              - Undefined Weak Reference
    _getenv_init                              - Undefined Weak Reference
    _handle_redirection                       - Undefined Weak Reference
    _init_alloc                               - Undefined Weak Reference
    _init_user_alloc                          - Undefined Weak Reference
    _initio                                   - Undefined Weak Reference
    _rand_init                                - Undefined Weak Reference
    _signal_finish                            - Undefined Weak Reference
    _signal_init                              - Undefined Weak Reference
    _terminate_alloc                          - Undefined Weak Reference
    _terminate_user_alloc                     - Undefined Weak Reference
    _terminateio                              - Undefined Weak Reference
    __Vectors_End                            0x000000c0   Data           0  startup_mspm0g350x_uvision.o(RESET)
    __Vectors_Size                           0x000000c0   Number         0  startup_mspm0g350x_uvision.o ABSOLUTE
    __main                                   0x000000c1   Thumb Code     8  __main.o(!!!main)
    __scatterload                            0x000000c9   Thumb Code     0  __scatter.o(!!!scatter)
    __scatterload_rt2                        0x000000c9   Thumb Code    74  __scatter.o(!!!scatter)
    __scatterload_rt2_thumb_only             0x000000c9   Thumb Code     0  __scatter.o(!!!scatter)
    __scatterload_loop                       0x000000d3   Thumb Code     0  __scatter.o(!!!scatter)
    __scatterload_copy                       0x00000121   Thumb Code    26  __scatter_copy.o(!!handler_copy)
    __scatterload_null                       0x00000141   Thumb Code     2  __scatter.o(!!handler_null)
    __scatterload_zeroinit                   0x00000149   Thumb Code    28  __scatter_zi.o(!!handler_zi)
    __rt_lib_init                            0x00000165   Thumb Code     0  libinit.o(.ARM.Collect$$libinit$$00000000)
    __rt_lib_init_alloca_1                   0x00000167   Thumb Code     0  libinit2.o(.ARM.Collect$$libinit$$00000030)
    __rt_lib_init_argv_1                     0x00000167   Thumb Code     0  libinit2.o(.ARM.Collect$$libinit$$0000002E)
    __rt_lib_init_atexit_1                   0x00000167   Thumb Code     0  libinit2.o(.ARM.Collect$$libinit$$0000001D)
    __rt_lib_init_clock_1                    0x00000167   Thumb Code     0  libinit2.o(.ARM.Collect$$libinit$$00000023)
    __rt_lib_init_cpp_1                      0x00000167   Thumb Code     0  libinit2.o(.ARM.Collect$$libinit$$00000034)
    __rt_lib_init_exceptions_1               0x00000167   Thumb Code     0  libinit2.o(.ARM.Collect$$libinit$$00000032)
    __rt_lib_init_fp_1                       0x00000167   Thumb Code     0  libinit2.o(.ARM.Collect$$libinit$$00000002)
    __rt_lib_init_fp_trap_1                  0x00000167   Thumb Code     0  libinit2.o(.ARM.Collect$$libinit$$00000021)
    __rt_lib_init_getenv_1                   0x00000167   Thumb Code     0  libinit2.o(.ARM.Collect$$libinit$$00000025)
    __rt_lib_init_heap_1                     0x00000167   Thumb Code     0  libinit2.o(.ARM.Collect$$libinit$$0000000C)
    __rt_lib_init_lc_collate_1               0x00000167   Thumb Code     0  libinit2.o(.ARM.Collect$$libinit$$00000013)
    __rt_lib_init_lc_ctype_1                 0x00000167   Thumb Code     0  libinit2.o(.ARM.Collect$$libinit$$00000015)
    __rt_lib_init_lc_monetary_1              0x00000167   Thumb Code     0  libinit2.o(.ARM.Collect$$libinit$$00000017)
    __rt_lib_init_lc_numeric_1               0x00000167   Thumb Code     0  libinit2.o(.ARM.Collect$$libinit$$00000019)
    __rt_lib_init_lc_time_1                  0x00000167   Thumb Code     0  libinit2.o(.ARM.Collect$$libinit$$0000001B)
    __rt_lib_init_preinit_1                  0x00000167   Thumb Code     0  libinit2.o(.ARM.Collect$$libinit$$00000006)
    __rt_lib_init_rand_1                     0x00000167   Thumb Code     0  libinit2.o(.ARM.Collect$$libinit$$00000010)
    __rt_lib_init_relocate_pie_1             0x00000167   Thumb Code     0  libinit2.o(.ARM.Collect$$libinit$$00000004)
    __rt_lib_init_return                     0x00000167   Thumb Code     0  libinit2.o(.ARM.Collect$$libinit$$00000035)
    __rt_lib_init_signal_1                   0x00000167   Thumb Code     0  libinit2.o(.ARM.Collect$$libinit$$0000001F)
    __rt_lib_init_stdio_1                    0x00000167   Thumb Code     0  libinit2.o(.ARM.Collect$$libinit$$00000027)
    __rt_lib_init_user_alloc_1               0x00000167   Thumb Code     0  libinit2.o(.ARM.Collect$$libinit$$0000000E)
    __rt_lib_shutdown                        0x00000169   Thumb Code     0  libshutdown.o(.ARM.Collect$$libshutdown$$00000000)
    __rt_lib_shutdown_cpp_1                  0x0000016b   Thumb Code     0  libshutdown2.o(.ARM.Collect$$libshutdown$$00000002)
    __rt_lib_shutdown_fp_trap_1              0x0000016b   Thumb Code     0  libshutdown2.o(.ARM.Collect$$libshutdown$$00000007)
    __rt_lib_shutdown_heap_1                 0x0000016b   Thumb Code     0  libshutdown2.o(.ARM.Collect$$libshutdown$$0000000F)
    __rt_lib_shutdown_return                 0x0000016b   Thumb Code     0  libshutdown2.o(.ARM.Collect$$libshutdown$$00000010)
    __rt_lib_shutdown_signal_1               0x0000016b   Thumb Code     0  libshutdown2.o(.ARM.Collect$$libshutdown$$0000000A)
    __rt_lib_shutdown_stdio_1                0x0000016b   Thumb Code     0  libshutdown2.o(.ARM.Collect$$libshutdown$$00000004)
    __rt_lib_shutdown_user_alloc_1           0x0000016b   Thumb Code     0  libshutdown2.o(.ARM.Collect$$libshutdown$$0000000C)
    __rt_entry                               0x0000016d   Thumb Code     0  __rtentry.o(.ARM.Collect$$rtentry$$00000000)
    __rt_entry_presh_1                       0x0000016d   Thumb Code     0  __rtentry2.o(.ARM.Collect$$rtentry$$00000002)
    __rt_entry_sh                            0x0000016d   Thumb Code     0  __rtentry4.o(.ARM.Collect$$rtentry$$00000004)
    __rt_entry_li                            0x00000173   Thumb Code     0  __rtentry2.o(.ARM.Collect$$rtentry$$0000000A)
    __rt_entry_postsh_1                      0x00000173   Thumb Code     0  __rtentry2.o(.ARM.Collect$$rtentry$$00000009)
    __rt_entry_main                          0x00000177   Thumb Code     0  __rtentry2.o(.ARM.Collect$$rtentry$$0000000D)
    __rt_entry_postli_1                      0x00000177   Thumb Code     0  __rtentry2.o(.ARM.Collect$$rtentry$$0000000C)
    __rt_exit                                0x0000017f   Thumb Code     0  rtexit.o(.ARM.Collect$$rtexit$$00000000)
    __rt_exit_ls                             0x00000181   Thumb Code     0  rtexit2.o(.ARM.Collect$$rtexit$$00000003)
    __rt_exit_prels_1                        0x00000181   Thumb Code     0  rtexit2.o(.ARM.Collect$$rtexit$$00000002)
    __rt_exit_exit                           0x00000185   Thumb Code     0  rtexit2.o(.ARM.Collect$$rtexit$$00000004)
    Reset_Handler                            0x0000018d   Thumb Code     4  startup_mspm0g350x_uvision.o(.text)
    NMI_Handler                              0x00000191   Thumb Code     2  startup_mspm0g350x_uvision.o(.text)
    HardFault_Handler                        0x00000193   Thumb Code     2  startup_mspm0g350x_uvision.o(.text)
    SVC_Handler                              0x00000195   Thumb Code     2  startup_mspm0g350x_uvision.o(.text)
    PendSV_Handler                           0x00000197   Thumb Code     2  startup_mspm0g350x_uvision.o(.text)
    SysTick_Handler                          0x00000199   Thumb Code     2  startup_mspm0g350x_uvision.o(.text)
    ADC0_IRQHandler                          0x0000019b   Thumb Code     0  startup_mspm0g350x_uvision.o(.text)
    ADC1_IRQHandler                          0x0000019b   Thumb Code     0  startup_mspm0g350x_uvision.o(.text)
    AES_IRQHandler                           0x0000019b   Thumb Code     0  startup_mspm0g350x_uvision.o(.text)
    CANFD0_IRQHandler                        0x0000019b   Thumb Code     0  startup_mspm0g350x_uvision.o(.text)
    DAC0_IRQHandler                          0x0000019b   Thumb Code     0  startup_mspm0g350x_uvision.o(.text)
    DMA_IRQHandler                           0x0000019b   Thumb Code     0  startup_mspm0g350x_uvision.o(.text)
    Default_Handler                          0x0000019b   Thumb Code     2  startup_mspm0g350x_uvision.o(.text)
    GROUP0_IRQHandler                        0x0000019b   Thumb Code     0  startup_mspm0g350x_uvision.o(.text)
    I2C0_IRQHandler                          0x0000019b   Thumb Code     0  startup_mspm0g350x_uvision.o(.text)
    I2C1_IRQHandler                          0x0000019b   Thumb Code     0  startup_mspm0g350x_uvision.o(.text)
    RTC_IRQHandler                           0x0000019b   Thumb Code     0  startup_mspm0g350x_uvision.o(.text)
    SPI0_IRQHandler                          0x0000019b   Thumb Code     0  startup_mspm0g350x_uvision.o(.text)
    SPI1_IRQHandler                          0x0000019b   Thumb Code     0  startup_mspm0g350x_uvision.o(.text)
    TIMA1_IRQHandler                         0x0000019b   Thumb Code     0  startup_mspm0g350x_uvision.o(.text)
    TIMG12_IRQHandler                        0x0000019b   Thumb Code     0  startup_mspm0g350x_uvision.o(.text)
    TIMG6_IRQHandler                         0x0000019b   Thumb Code     0  startup_mspm0g350x_uvision.o(.text)
    TIMG7_IRQHandler                         0x0000019b   Thumb Code     0  startup_mspm0g350x_uvision.o(.text)
    TIMG8_IRQHandler                         0x0000019b   Thumb Code     0  startup_mspm0g350x_uvision.o(.text)
    UART1_IRQHandler                         0x0000019b   Thumb Code     0  startup_mspm0g350x_uvision.o(.text)
    UART2_IRQHandler                         0x0000019b   Thumb Code     0  startup_mspm0g350x_uvision.o(.text)
    UART3_IRQHandler                         0x0000019b   Thumb Code     0  startup_mspm0g350x_uvision.o(.text)
    __user_initial_stackheap                 0x0000019d   Thumb Code    10  startup_mspm0g350x_uvision.o(.text)
    __use_two_region_memory                  0x000001bd   Thumb Code     2  heapauxi.o(.text)
    __rt_heap_escrow$2region                 0x000001bf   Thumb Code     2  heapauxi.o(.text)
    __rt_heap_expand$2region                 0x000001c1   Thumb Code     2  heapauxi.o(.text)
    __aeabi_d2f                              0x000001c5   Thumb Code     0  d2f.o(.text)
    __truncdfsf2                             0x000001c5   Thumb Code     0  d2f.o(.text)
    _d2f                                     0x000001c5   Thumb Code   120  d2f.o(.text)
    __adddf3                                 0x00000539   Thumb Code     0  daddsub.o(.text)
    __aeabi_dadd                             0x00000539   Thumb Code     0  daddsub.o(.text)
    _dadd                                    0x00000539   Thumb Code    26  daddsub.o(.text)
    __aeabi_dsub                             0x00000553   Thumb Code     0  daddsub.o(.text)
    __subdf3                                 0x00000553   Thumb Code     0  daddsub.o(.text)
    _dsub                                    0x00000553   Thumb Code    22  daddsub.o(.text)
    __aeabi_drsub                            0x00000569   Thumb Code     0  daddsub.o(.text)
    _drsb                                    0x00000569   Thumb Code    28  daddsub.o(.text)
    __aeabi_ddiv                             0x00000599   Thumb Code     0  ddiv.o(.text)
    __divdf3                                 0x00000599   Thumb Code     0  ddiv.o(.text)
    _ddiv                                    0x00000599   Thumb Code  1072  ddiv.o(.text)
    _drdiv                                   0x000009c9   Thumb Code    20  ddiv.o(.text)
    __aeabi_i2d_normalise                    0x000009e1   Thumb Code    66  dflti.o(.text)
    __aeabi_i2d                              0x00000a23   Thumb Code    16  dflti.o(.text)
    _dflt                                    0x00000a23   Thumb Code     0  dflti.o(.text)
    __aeabi_ui2d                             0x00000a33   Thumb Code     6  dflti.o(.text)
    _dfltu                                   0x00000a33   Thumb Code     0  dflti.o(.text)
    __aeabi_dmul                             0x00000a39   Thumb Code     0  dmul.o(.text)
    __muldf3                                 0x00000a39   Thumb Code     0  dmul.o(.text)
    _dmul                                    0x00000a39   Thumb Code   558  dmul.o(.text)
    __aeabi_f2d                              0x00000c81   Thumb Code     0  f2d.o(.text)
    __extendsfdf2                            0x00000c81   Thumb Code     0  f2d.o(.text)
    _f2d                                     0x00000c81   Thumb Code    80  f2d.o(.text)
    __aeabi_fdiv                             0x00000cd5   Thumb Code     0  fdiv.o(.text)
    __divsf3                                 0x00000cd5   Thumb Code     0  fdiv.o(.text)
    _fdiv                                    0x00000cd5   Thumb Code   334  fdiv.o(.text)
    _frdiv                                   0x00000e23   Thumb Code     8  fdiv.o(.text)
    __aeabi_f2iz                             0x00000e35   Thumb Code     0  ffixi.o(.text)
    _ffix                                    0x00000e35   Thumb Code    76  ffixi.o(.text)
    __aeabi_f2uiz                            0x00000e81   Thumb Code     0  ffixui.o(.text)
    _ffixu                                   0x00000e81   Thumb Code    48  ffixui.o(.text)
    __aeabi_i2f_normalise                    0x00000eb1   Thumb Code    72  fflti.o(.text)
    __aeabi_i2f                              0x00000ef9   Thumb Code    16  fflti.o(.text)
    _fflt                                    0x00000ef9   Thumb Code     0  fflti.o(.text)
    __aeabi_ui2f                             0x00000f09   Thumb Code     6  fflti.o(.text)
    _ffltu                                   0x00000f09   Thumb Code     0  fflti.o(.text)
    __fpl_fcmp_InfNaN                        0x00000f11   Thumb Code    96  fcmpin.o(.text)
    __user_setup_stackheap                   0x00000f75   Thumb Code    62  sys_stackheap_outer.o(.text)
    exit                                     0x00000fb3   Thumb Code    16  exit.o(.text)
    __fpl_cmpreturn                          0x00000fc3   Thumb Code    46  cmpret.o(.text)
    __fpl_fcheck_NaN2                        0x00000ff1   Thumb Code    10  fnan2.o(.text)
    __user_libspace                          0x00001001   Thumb Code     8  libspace.o(.text)
    __user_perproc_libspace                  0x00001001   Thumb Code     0  libspace.o(.text)
    __user_perthread_libspace                0x00001001   Thumb Code     0  libspace.o(.text)
    __fpl_return_NaN                         0x00001009   Thumb Code    94  retnan.o(.text)
    Buzzer_OFF                               0x00001069   Thumb Code    12  buzzer.o(.text.Buzzer_OFF)
    CarBackward                              0x00001079   Thumb Code    56  motor.o(.text.CarBackward)
    CarForward                               0x000010b1   Thumb Code    56  motor.o(.text.CarForward)
    CarLeftBackward                          0x000010e9   Thumb Code    48  motor.o(.text.CarLeftBackward)
    CarLeftForward                           0x00001119   Thumb Code    48  motor.o(.text.CarLeftForward)
    CarRightBackward                         0x00001149   Thumb Code    48  motor.o(.text.CarRightBackward)
    CarRightForward                          0x00001179   Thumb Code    48  motor.o(.text.CarRightForward)
    CarStop                                  0x000011a9   Thumb Code    24  motor.o(.text.CarStop)
    CarTurnLeft                              0x000011c1   Thumb Code    48  motor.o(.text.CarTurnLeft)
    CarTurnRight                             0x000011f1   Thumb Code    48  motor.o(.text.CarTurnRight)
    DL_Common_delayCycles                    0x00001229   Thumb Code    10  dl_common.o(.text.DL_Common_delayCycles)
    DL_Timer_initFourCCPWMMode               0x00001235   Thumb Code   188  dl_timer.o(.text.DL_Timer_initFourCCPWMMode)
    DL_Timer_initTimerMode                   0x00001309   Thumb Code   224  dl_timer.o(.text.DL_Timer_initTimerMode)
    DL_Timer_setCaptCompUpdateMethod         0x000013f5   Thumb Code    24  dl_timer.o(.text.DL_Timer_setCaptCompUpdateMethod)
    DL_Timer_setCaptureCompareOutCtl         0x00001411   Thumb Code    20  dl_timer.o(.text.DL_Timer_setCaptureCompareOutCtl)
    DL_Timer_setCaptureCompareValue          0x00001429   Thumb Code    12  dl_timer.o(.text.DL_Timer_setCaptureCompareValue)
    DL_Timer_setClockConfig                  0x00001439   Thumb Code    24  dl_timer.o(.text.DL_Timer_setClockConfig)
    DL_UART_init                             0x00001455   Thumb Code    64  dl_uart.o(.text.DL_UART_init)
    DL_UART_setClockConfig                   0x0000149d   Thumb Code    18  dl_uart.o(.text.DL_UART_setClockConfig)
    GROUP1_IRQHandler                        0x000014b1   Thumb Code   152  encoder.o(.text.GROUP1_IRQHandler)
    Gray_Read                                0x00001559   Thumb Code   108  gray.o(.text.Gray_Read)
    HC06Init                                 0x000015d1   Thumb Code    16  hc06.o(.text.HC06Init)
    LED_Blue_OFF                             0x000015e9   Thumb Code    12  led.o(.text.LED_Blue_OFF)
    LED_Blue_ON                              0x000015f5   Thumb Code    12  led.o(.text.LED_Blue_ON)
    LED_Green_OFF                            0x00001601   Thumb Code    12  led.o(.text.LED_Green_OFF)
    LED_Green_ON                             0x00001611   Thumb Code    12  led.o(.text.LED_Green_ON)
    Motor_left_Control                       0x0000161d   Thumb Code    56  motor.o(.text.Motor_left_Control)
    Motor_right_Control                      0x00001659   Thumb Code    56  motor.o(.text.Motor_right_Control)
    PID_select                               0x00001699   Thumb Code    68  pid.o(.text.PID_select)
    SYSCFG_DL_GPIO_init                      0x000016e9   Thumb Code   188  ti_msp_dl_config.o(.text.SYSCFG_DL_GPIO_init)
    SYSCFG_DL_PWM_init                       0x000017d9   Thumb Code   116  ti_msp_dl_config.o(.text.SYSCFG_DL_PWM_init)
    SYSCFG_DL_SYSCTL_init                    0x00001865   Thumb Code    64  ti_msp_dl_config.o(.text.SYSCFG_DL_SYSCTL_init)
    SYSCFG_DL_SYSTICK_init                   0x000018b1   Thumb Code    24  ti_msp_dl_config.o(.text.SYSCFG_DL_SYSTICK_init)
    SYSCFG_DL_TIMER_0_init                   0x000018cd   Thumb Code    48  ti_msp_dl_config.o(.text.SYSCFG_DL_TIMER_0_init)
    SYSCFG_DL_TIMER_1_init                   0x00001911   Thumb Code    52  ti_msp_dl_config.o(.text.SYSCFG_DL_TIMER_1_init)
    SYSCFG_DL_UART_0_init                    0x0000195d   Thumb Code    88  ti_msp_dl_config.o(.text.SYSCFG_DL_UART_0_init)
    SYSCFG_DL_init                           0x000019cd   Thumb Code    52  ti_msp_dl_config.o(.text.SYSCFG_DL_init)
    SYSCFG_DL_initPower                      0x00001a09   Thumb Code    52  ti_msp_dl_config.o(.text.SYSCFG_DL_initPower)
    TIMA0_IRQHandler                         0x00001a5d   Thumb Code    24  empty.o(.text.TIMA0_IRQHandler)
    TIMG0_IRQHandler                         0x00001a7d   Thumb Code    36  empty.o(.text.TIMG0_IRQHandler)
    UART0_IRQHandler                         0x00001aa9   Thumb Code    96  hc06.o(.text.UART0_IRQHandler)
    UpdateSoundLight                         0x00001b11   Thumb Code    44  app_utils.o(.text.UpdateSoundLight)
    _sys_exit                                0x00001b45   Thumb Code     2  board.o(.text._sys_exit)
    board_init                               0x00001b47   Thumb Code     8  board.o(.text.board_init)
    capture_initial_yaw                      0x00001b51   Thumb Code    52  app_utils.o(.text.capture_initial_yaw)
    delay_ms                                 0x00001b89   Thumb Code    68  board.o(.text.delay_ms)
    encoder_Init                             0x00001bd1   Thumb Code    16  encoder.o(.text.encoder_Init)
    main                                     0x00001be1   Thumb Code    22  empty.o(.text.main)
    pid_cal                                  0x00001bf7   Thumb Code   190  pid.o(.text.pid_cal)
    pidout_limit                             0x00001cb5   Thumb Code    70  pid.o(.text.pidout_limit)
    speed_cal                                0x00001cfd   Thumb Code   196  speed.o(.text.speed_cal)
    speed_pid_control                        0x00001de9   Thumb Code   300  speed.o(.text.speed_pid_control)
    timer0_init                              0x00001f51   Thumb Code    16  timer.o(.text.timer0_init)
    timer1_init                              0x00001f61   Thumb Code    16  timer.o(.text.timer1_init)
    track1_pid_control                       0x00001f79   Thumb Code   296  gray_track.o(.text.track1_pid_control)
    track2_pid_control                       0x000020a5   Thumb Code   272  gray_track.o(.text.track2_pid_control)
    trackloop_pid_control                    0x000021c9   Thumb Code    24  gray_track.o(.text.trackloop_pid_control)
    turn_90_control                          0x000021e1   Thumb Code   312  speed.o(.text.turn_90_control)
    __aeabi_fcmpge                           0x00002351   Thumb Code     0  fcmp.o(i._fgeq)
    _fgeq                                    0x00002351   Thumb Code    22  fcmp.o(i._fgeq)
    __aeabi_fcmpgt                           0x00002367   Thumb Code     0  fcmp.o(i._fgr)
    _fgr                                     0x00002367   Thumb Code    22  fcmp.o(i._fgr)
    __aeabi_fcmple                           0x0000237d   Thumb Code     0  fcmp.o(i._fleq)
    _fleq                                    0x0000237d   Thumb Code    26  fcmp.o(i._fleq)
    __aeabi_fadd                             0x00002399   Thumb Code     0  faddsub.o(x$fpl$fadd)
    _fadd                                    0x00002399   Thumb Code   134  faddsub.o(x$fpl$fadd)
    _fcmpge                                  0x00002425   Thumb Code    78  fgef.o(x$fpl$fgeqf)
    __aeabi_cfcmple                          0x00002479   Thumb Code     0  flef.o(x$fpl$fleqf)
    _fcmple                                  0x00002479   Thumb Code    78  flef.o(x$fpl$fleqf)
    __aeabi_fmul                             0x000024cd   Thumb Code     0  fmul.o(x$fpl$fmul)
    _fmul                                    0x000024cd   Thumb Code   172  fmul.o(x$fpl$fmul)
    __aeabi_fsub                             0x0000257d   Thumb Code     0  faddsub.o(x$fpl$fsub)
    _fsub                                    0x0000257d   Thumb Code   204  faddsub.o(x$fpl$fsub)
    __I$use$fp                               0x0000264c   Number         0  usenofp.o(x$fpl$usenofp)
    Region$$Table$$Base                      0x00002758   Number         0  anon$$obj.o(Region$$Table)
    Region$$Table$$Limit                     0x00002778   Number         0  anon$$obj.o(Region$$Table)
    VelcityA_Ki                              0x20200000   Data           4  speed.o(.data.VelcityA_Ki)
    VelcityB_Ki                              0x20200004   Data           4  speed.o(.data.VelcityB_Ki)
    left                                     0x20200008   Data          16  gray_track.o(.data.left)
    motor_left_dir                           0x20200018   Data           1  motor.o(.data.motor_left_dir)
    motor_right_dir                          0x20200019   Data           1  motor.o(.data.motor_right_dir)
    right                                    0x2020001c   Data          16  gray_track.o(.data.right)
    __libspace_start                         0x20200030   Data          96  libspace.o(.bss)
    Get_Encoder_countA                       0x20200090   Data           4  encoder.o(.bss.Get_Encoder_countA)
    __temporary_stack_top$libspace           0x20200090   Data           0  libspace.o(.bss)
    Get_Encoder_countB                       0x20200094   Data           4  encoder.o(.bss.Get_Encoder_countB)
    SoundLight_flag                          0x20200098   Data           1  app_utils.o(.bss.SoundLight_flag)
    SoundLight_time                          0x2020009a   Data           2  app_utils.o(.bss.SoundLight_time)
    VelcityA_Kp                              0x2020009c   Data           4  speed.o(.bss.VelcityA_Kp)
    VelcityB_Kp                              0x202000a0   Data           4  speed.o(.bss.VelcityB_Kp)
    basespeed                                0x202000b4   Data           4  empty.o(.bss.basespeed)
    bias                                     0x202000b8   Data           2  speed.o(.bss.bias)
    first_flag                               0x202000ba   Data           1  empty.o(.bss.first_flag)
    gPWMBackup                               0x202000bc   Data         160  ti_msp_dl_config.o(.bss.gPWMBackup)
    gTIMER_0Backup                           0x2020015c   Data         188  ti_msp_dl_config.o(.bss.gTIMER_0Backup)
    pid_flag                                 0x20200218   Data           1  pid.o(.bss.pid_flag)
    sensor                                   0x20200219   Data           8  gray.o(.bss.sensor)
    speedA                                   0x20200224   Data           4  speed.o(.bss.speedA)
    speedB                                   0x20200228   Data           4  speed.o(.bss.speedB)
    start_flag                               0x2020023c   Data           1  empty.o(.bss.start_flag)
    trackLine1                               0x20200240   Data          52  gray_track.o(.bss.trackLine1)
    trackLine2                               0x20200274   Data          52  gray_track.o(.bss.trackLine2)



==============================================================================

Memory Map of the image

  Image Entry point : 0x000000c1

  Load Region LR_IROM1 (Base: 0x00000000, Size: 0x000027a8, Max: 0x00020000, ABSOLUTE)

    Execution Region ER_IROM1 (Exec base: 0x00000000, Load base: 0x00000000, Size: 0x00002778, Max: 0x00020000, ABSOLUTE)

    Exec Addr    Load Addr    Size         Type   Attr      Idx    E Section Name        Object

    0x00000000   0x00000000   0x000000c0   Data   RO          343    RESET               startup_mspm0g350x_uvision.o
    0x000000c0   0x000000c0   0x00000008   Code   RO         1118  * !!!main             c_p.l(__main.o)
    0x000000c8   0x000000c8   0x00000054   Code   RO         1360    !!!scatter          c_p.l(__scatter.o)
    0x0000011c   0x0000011c   0x00000004   PAD
    0x00000120   0x00000120   0x0000001a   Code   RO         1364    !!handler_copy      c_p.l(__scatter_copy.o)
    0x0000013a   0x0000013a   0x00000006   PAD
    0x00000140   0x00000140   0x00000002   Code   RO         1361    !!handler_null      c_p.l(__scatter.o)
    0x00000142   0x00000142   0x00000006   PAD
    0x00000148   0x00000148   0x0000001c   Code   RO         1366    !!handler_zi        c_p.l(__scatter_zi.o)
    0x00000164   0x00000164   0x00000002   Code   RO         1219    .ARM.Collect$$libinit$$00000000  c_p.l(libinit.o)
    0x00000166   0x00000166   0x00000000   Code   RO         1237    .ARM.Collect$$libinit$$00000002  c_p.l(libinit2.o)
    0x00000166   0x00000166   0x00000000   Code   RO         1239    .ARM.Collect$$libinit$$00000004  c_p.l(libinit2.o)
    0x00000166   0x00000166   0x00000000   Code   RO         1241    .ARM.Collect$$libinit$$00000006  c_p.l(libinit2.o)
    0x00000166   0x00000166   0x00000000   Code   RO         1244    .ARM.Collect$$libinit$$0000000C  c_p.l(libinit2.o)
    0x00000166   0x00000166   0x00000000   Code   RO         1246    .ARM.Collect$$libinit$$0000000E  c_p.l(libinit2.o)
    0x00000166   0x00000166   0x00000000   Code   RO         1248    .ARM.Collect$$libinit$$00000010  c_p.l(libinit2.o)
    0x00000166   0x00000166   0x00000000   Code   RO         1251    .ARM.Collect$$libinit$$00000013  c_p.l(libinit2.o)
    0x00000166   0x00000166   0x00000000   Code   RO         1253    .ARM.Collect$$libinit$$00000015  c_p.l(libinit2.o)
    0x00000166   0x00000166   0x00000000   Code   RO         1255    .ARM.Collect$$libinit$$00000017  c_p.l(libinit2.o)
    0x00000166   0x00000166   0x00000000   Code   RO         1257    .ARM.Collect$$libinit$$00000019  c_p.l(libinit2.o)
    0x00000166   0x00000166   0x00000000   Code   RO         1259    .ARM.Collect$$libinit$$0000001B  c_p.l(libinit2.o)
    0x00000166   0x00000166   0x00000000   Code   RO         1261    .ARM.Collect$$libinit$$0000001D  c_p.l(libinit2.o)
    0x00000166   0x00000166   0x00000000   Code   RO         1263    .ARM.Collect$$libinit$$0000001F  c_p.l(libinit2.o)
    0x00000166   0x00000166   0x00000000   Code   RO         1265    .ARM.Collect$$libinit$$00000021  c_p.l(libinit2.o)
    0x00000166   0x00000166   0x00000000   Code   RO         1267    .ARM.Collect$$libinit$$00000023  c_p.l(libinit2.o)
    0x00000166   0x00000166   0x00000000   Code   RO         1269    .ARM.Collect$$libinit$$00000025  c_p.l(libinit2.o)
    0x00000166   0x00000166   0x00000000   Code   RO         1271    .ARM.Collect$$libinit$$00000027  c_p.l(libinit2.o)
    0x00000166   0x00000166   0x00000000   Code   RO         1275    .ARM.Collect$$libinit$$0000002E  c_p.l(libinit2.o)
    0x00000166   0x00000166   0x00000000   Code   RO         1277    .ARM.Collect$$libinit$$00000030  c_p.l(libinit2.o)
    0x00000166   0x00000166   0x00000000   Code   RO         1279    .ARM.Collect$$libinit$$00000032  c_p.l(libinit2.o)
    0x00000166   0x00000166   0x00000000   Code   RO         1281    .ARM.Collect$$libinit$$00000034  c_p.l(libinit2.o)
    0x00000166   0x00000166   0x00000002   Code   RO         1282    .ARM.Collect$$libinit$$00000035  c_p.l(libinit2.o)
    0x00000168   0x00000168   0x00000002   Code   RO         1312    .ARM.Collect$$libshutdown$$00000000  c_p.l(libshutdown.o)
    0x0000016a   0x0000016a   0x00000000   Code   RO         1343    .ARM.Collect$$libshutdown$$00000002  c_p.l(libshutdown2.o)
    0x0000016a   0x0000016a   0x00000000   Code   RO         1345    .ARM.Collect$$libshutdown$$00000004  c_p.l(libshutdown2.o)
    0x0000016a   0x0000016a   0x00000000   Code   RO         1348    .ARM.Collect$$libshutdown$$00000007  c_p.l(libshutdown2.o)
    0x0000016a   0x0000016a   0x00000000   Code   RO         1351    .ARM.Collect$$libshutdown$$0000000A  c_p.l(libshutdown2.o)
    0x0000016a   0x0000016a   0x00000000   Code   RO         1353    .ARM.Collect$$libshutdown$$0000000C  c_p.l(libshutdown2.o)
    0x0000016a   0x0000016a   0x00000000   Code   RO         1356    .ARM.Collect$$libshutdown$$0000000F  c_p.l(libshutdown2.o)
    0x0000016a   0x0000016a   0x00000002   Code   RO         1357    .ARM.Collect$$libshutdown$$00000010  c_p.l(libshutdown2.o)
    0x0000016c   0x0000016c   0x00000000   Code   RO         1174    .ARM.Collect$$rtentry$$00000000  c_p.l(__rtentry.o)
    0x0000016c   0x0000016c   0x00000000   Code   RO         1187    .ARM.Collect$$rtentry$$00000002  c_p.l(__rtentry2.o)
    0x0000016c   0x0000016c   0x00000006   Code   RO         1199    .ARM.Collect$$rtentry$$00000004  c_p.l(__rtentry4.o)
    0x00000172   0x00000172   0x00000000   Code   RO         1189    .ARM.Collect$$rtentry$$00000009  c_p.l(__rtentry2.o)
    0x00000172   0x00000172   0x00000004   Code   RO         1190    .ARM.Collect$$rtentry$$0000000A  c_p.l(__rtentry2.o)
    0x00000176   0x00000176   0x00000000   Code   RO         1192    .ARM.Collect$$rtentry$$0000000C  c_p.l(__rtentry2.o)
    0x00000176   0x00000176   0x00000008   Code   RO         1193    .ARM.Collect$$rtentry$$0000000D  c_p.l(__rtentry2.o)
    0x0000017e   0x0000017e   0x00000002   Code   RO         1228    .ARM.Collect$$rtexit$$00000000  c_p.l(rtexit.o)
    0x00000180   0x00000180   0x00000000   Code   RO         1286    .ARM.Collect$$rtexit$$00000002  c_p.l(rtexit2.o)
    0x00000180   0x00000180   0x00000004   Code   RO         1287    .ARM.Collect$$rtexit$$00000003  c_p.l(rtexit2.o)
    0x00000184   0x00000184   0x00000006   Code   RO         1288    .ARM.Collect$$rtexit$$00000004  c_p.l(rtexit2.o)
    0x0000018a   0x0000018a   0x00000002   PAD
    0x0000018c   0x0000018c   0x00000030   Code   RO          344    .text               startup_mspm0g350x_uvision.o
    0x000001bc   0x000001bc   0x00000006   Code   RO         1116    .text               c_p.l(heapauxi.o)
    0x000001c2   0x000001c2   0x00000002   PAD
    0x000001c4   0x000001c4   0x0000007c   Code   RO         1120    .text               fz_ps.l(d2f.o)
    0x00000240   0x00000240   0x00000358   Code   RO         1122    .text               fz_ps.l(daddsub.o)
    0x00000598   0x00000598   0x00000448   Code   RO         1124    .text               fz_ps.l(ddiv.o)
    0x000009e0   0x000009e0   0x00000058   Code   RO         1127    .text               fz_ps.l(dflti.o)
    0x00000a38   0x00000a38   0x00000248   Code   RO         1129    .text               fz_ps.l(dmul.o)
    0x00000c80   0x00000c80   0x00000054   Code   RO         1131    .text               fz_ps.l(f2d.o)
    0x00000cd4   0x00000cd4   0x00000160   Code   RO         1163    .text               fz_ps.l(fdiv.o)
    0x00000e34   0x00000e34   0x0000004c   Code   RO         1166    .text               fz_ps.l(ffixi.o)
    0x00000e80   0x00000e80   0x00000030   Code   RO         1168    .text               fz_ps.l(ffixui.o)
    0x00000eb0   0x00000eb0   0x0000005e   Code   RO         1170    .text               fz_ps.l(fflti.o)
    0x00000f0e   0x00000f0e   0x00000002   PAD
    0x00000f10   0x00000f10   0x00000064   Code   RO         1203    .text               fz_ps.l(fcmpin.o)
    0x00000f74   0x00000f74   0x0000003e   Code   RO         1205    .text               c_p.l(sys_stackheap_outer.o)
    0x00000fb2   0x00000fb2   0x00000010   Code   RO         1208    .text               c_p.l(exit.o)
    0x00000fc2   0x00000fc2   0x0000002e   Code   RO         1220    .text               fz_ps.l(cmpret.o)
    0x00000ff0   0x00000ff0   0x00000010   Code   RO         1222    .text               fz_ps.l(fnan2.o)
    0x00001000   0x00001000   0x00000008   Code   RO         1224    .text               c_p.l(libspace.o)
    0x00001008   0x00001008   0x0000005e   Code   RO         1283    .text               fz_ps.l(retnan.o)
    0x00001066   0x00001066   0x00000002   PAD
    0x00001068   0x00001068   0x00000010   Code   RO           69    .text.Buzzer_OFF    buzzer.o
    0x00001078   0x00001078   0x00000038   Code   RO           90    .text.CarBackward   motor.o
    0x000010b0   0x000010b0   0x00000038   Code   RO           88    .text.CarForward    motor.o
    0x000010e8   0x000010e8   0x00000030   Code   RO           96    .text.CarLeftBackward  motor.o
    0x00001118   0x00001118   0x00000030   Code   RO           94    .text.CarLeftForward  motor.o
    0x00001148   0x00001148   0x00000030   Code   RO          102    .text.CarRightBackward  motor.o
    0x00001178   0x00001178   0x00000030   Code   RO          100    .text.CarRightForward  motor.o
    0x000011a8   0x000011a8   0x00000018   Code   RO          104    .text.CarStop       motor.o
    0x000011c0   0x000011c0   0x00000030   Code   RO           92    .text.CarTurnLeft   motor.o
    0x000011f0   0x000011f0   0x00000038   Code   RO           98    .text.CarTurnRight  motor.o
    0x00001228   0x00001228   0x0000000a   Code   RO         1045    .text.DL_Common_delayCycles  dl_common.o
    0x00001232   0x00001232   0x00000002   PAD
    0x00001234   0x00001234   0x000000d4   Code   RO          479    .text.DL_Timer_initFourCCPWMMode  dl_timer.o
    0x00001308   0x00001308   0x000000ec   Code   RO          461    .text.DL_Timer_initTimerMode  dl_timer.o
    0x000013f4   0x000013f4   0x0000001c   Code   RO          493    .text.DL_Timer_setCaptCompUpdateMethod  dl_timer.o
    0x00001410   0x00001410   0x00000018   Code   RO          483    .text.DL_Timer_setCaptureCompareOutCtl  dl_timer.o
    0x00001428   0x00001428   0x00000010   Code   RO          463    .text.DL_Timer_setCaptureCompareValue  dl_timer.o
    0x00001438   0x00001438   0x0000001c   Code   RO          457    .text.DL_Timer_setClockConfig  dl_timer.o
    0x00001454   0x00001454   0x00000048   Code   RO          405    .text.DL_UART_init  dl_uart.o
    0x0000149c   0x0000149c   0x00000012   Code   RO          407    .text.DL_UART_setClockConfig  dl_uart.o
    0x000014ae   0x000014ae   0x00000002   PAD
    0x000014b0   0x000014b0   0x000000a8   Code   RO          118    .text.GROUP1_IRQHandler  encoder.o
    0x00001558   0x00001558   0x00000078   Code   RO          130    .text.Gray_Read     gray.o
    0x000015d0   0x000015d0   0x00000018   Code   RO          165    .text.HC06Init      hc06.o
    0x000015e8   0x000015e8   0x0000000c   Code   RO           56    .text.LED_Blue_OFF  led.o
    0x000015f4   0x000015f4   0x0000000c   Code   RO           54    .text.LED_Blue_ON   led.o
    0x00001600   0x00001600   0x00000010   Code   RO           60    .text.LED_Green_OFF  led.o
    0x00001610   0x00001610   0x0000000c   Code   RO           58    .text.LED_Green_ON  led.o
    0x0000161c   0x0000161c   0x0000003c   Code   RO           84    .text.Motor_left_Control  motor.o
    0x00001658   0x00001658   0x00000040   Code   RO           86    .text.Motor_right_Control  motor.o
    0x00001698   0x00001698   0x00000050   Code   RO          185    .text.PID_select    pid.o
    0x000016e8   0x000016e8   0x000000f0   Code   RO          355    .text.SYSCFG_DL_GPIO_init  ti_msp_dl_config.o
    0x000017d8   0x000017d8   0x0000008c   Code   RO          359    .text.SYSCFG_DL_PWM_init  ti_msp_dl_config.o
    0x00001864   0x00001864   0x0000004c   Code   RO          357    .text.SYSCFG_DL_SYSCTL_init  ti_msp_dl_config.o
    0x000018b0   0x000018b0   0x0000001c   Code   RO          367    .text.SYSCFG_DL_SYSTICK_init  ti_msp_dl_config.o
    0x000018cc   0x000018cc   0x00000044   Code   RO          361    .text.SYSCFG_DL_TIMER_0_init  ti_msp_dl_config.o
    0x00001910   0x00001910   0x0000004c   Code   RO          363    .text.SYSCFG_DL_TIMER_1_init  ti_msp_dl_config.o
    0x0000195c   0x0000195c   0x00000070   Code   RO          365    .text.SYSCFG_DL_UART_0_init  ti_msp_dl_config.o
    0x000019cc   0x000019cc   0x0000003c   Code   RO          351    .text.SYSCFG_DL_init  ti_msp_dl_config.o
    0x00001a08   0x00001a08   0x00000054   Code   RO          353    .text.SYSCFG_DL_initPower  ti_msp_dl_config.o
    0x00001a5c   0x00001a5c   0x00000020   Code   RO          326    .text.TIMA0_IRQHandler  empty.o
    0x00001a7c   0x00001a7c   0x0000002c   Code   RO          328    .text.TIMG0_IRQHandler  empty.o
    0x00001aa8   0x00001aa8   0x00000068   Code   RO          167    .text.UART0_IRQHandler  hc06.o
    0x00001b10   0x00001b10   0x00000034   Code   RO          302    .text.UpdateSoundLight  app_utils.o
    0x00001b44   0x00001b44   0x00000002   Code   RO           16    .text._sys_exit     board.o
    0x00001b46   0x00001b46   0x00000008   Code   RO            2    .text.board_init    board.o
    0x00001b4e   0x00001b4e   0x00000002   PAD
    0x00001b50   0x00001b50   0x00000038   Code   RO          298    .text.capture_initial_yaw  app_utils.o
    0x00001b88   0x00001b88   0x00000048   Code   RO            6    .text.delay_ms      board.o
    0x00001bd0   0x00001bd0   0x00000010   Code   RO          116    .text.encoder_Init  encoder.o
    0x00001be0   0x00001be0   0x00000016   Code   RO          324    .text.main          empty.o
    0x00001bf6   0x00001bf6   0x000000be   Code   RO          181    .text.pid_cal       pid.o
    0x00001cb4   0x00001cb4   0x00000046   Code   RO          183    .text.pidout_limit  pid.o
    0x00001cfa   0x00001cfa   0x00000002   PAD
    0x00001cfc   0x00001cfc   0x000000ec   Code   RO          199    .text.speed_cal     speed.o
    0x00001de8   0x00001de8   0x00000168   Code   RO          207    .text.speed_pid_control  speed.o
    0x00001f50   0x00001f50   0x00000010   Code   RO           29    .text.timer0_init   timer.o
    0x00001f60   0x00001f60   0x00000018   Code   RO           31    .text.timer1_init   timer.o
    0x00001f78   0x00001f78   0x0000012c   Code   RO          232    .text.track1_pid_control  gray_track.o
    0x000020a4   0x000020a4   0x00000124   Code   RO          234    .text.track2_pid_control  gray_track.o
    0x000021c8   0x000021c8   0x00000018   Code   RO          236    .text.trackloop_pid_control  gray_track.o
    0x000021e0   0x000021e0   0x00000170   Code   RO          205    .text.turn_90_control  speed.o
    0x00002350   0x00002350   0x00000016   Code   RO         1146    i._fgeq             fz_ps.l(fcmp.o)
    0x00002366   0x00002366   0x00000016   Code   RO         1147    i._fgr              fz_ps.l(fcmp.o)
    0x0000237c   0x0000237c   0x0000001a   Code   RO         1148    i._fleq             fz_ps.l(fcmp.o)
    0x00002396   0x00002396   0x00000002   PAD
    0x00002398   0x00002398   0x0000008c   Code   RO         1133    x$fpl$fadd          fz_ps.l(faddsub.o)
    0x00002424   0x00002424   0x00000054   Code   RO         1181    x$fpl$fgeqf         fz_ps.l(fgef.o)
    0x00002478   0x00002478   0x00000054   Code   RO         1183    x$fpl$fleqf         fz_ps.l(flef.o)
    0x000024cc   0x000024cc   0x000000b0   Code   RO         1172    x$fpl$fmul          fz_ps.l(fmul.o)
    0x0000257c   0x0000257c   0x000000d0   Code   RO         1135    x$fpl$fsub          fz_ps.l(faddsub.o)
    0x0000264c   0x0000264c   0x00000000   Code   RO         1185    x$fpl$usenofp       fz_ps.l(usenofp.o)
    0x0000264c   0x0000264c   0x00000080   Data   RO         1125    .constdata          fz_ps.l(ddiv.o)
    0x000026cc   0x000026cc   0x00000040   Data   RO         1164    .constdata          fz_ps.l(fdiv.o)
    0x0000270c   0x0000270c   0x00000003   Data   RO          375    .rodata.gPWMClockConfig  ti_msp_dl_config.o
    0x0000270f   0x0000270f   0x00000001   PAD
    0x00002710   0x00002710   0x00000008   Data   RO          376    .rodata.gPWMConfig  ti_msp_dl_config.o
    0x00002718   0x00002718   0x00000003   Data   RO          377    .rodata.gTIMER_0ClockConfig  ti_msp_dl_config.o
    0x0000271b   0x0000271b   0x00000001   PAD
    0x0000271c   0x0000271c   0x00000014   Data   RO          378    .rodata.gTIMER_0TimerConfig  ti_msp_dl_config.o
    0x00002730   0x00002730   0x00000003   Data   RO          379    .rodata.gTIMER_1ClockConfig  ti_msp_dl_config.o
    0x00002733   0x00002733   0x00000001   PAD
    0x00002734   0x00002734   0x00000014   Data   RO          380    .rodata.gTIMER_1TimerConfig  ti_msp_dl_config.o
    0x00002748   0x00002748   0x00000002   Data   RO          381    .rodata.gUART_0ClockConfig  ti_msp_dl_config.o
    0x0000274a   0x0000274a   0x0000000a   Data   RO          382    .rodata.gUART_0Config  ti_msp_dl_config.o
    0x00002754   0x00002754   0x00000004   PAD
    0x00002758   0x00002758   0x00000020   Data   RO         1359    Region$$Table       anon$$obj.o


    Execution Region RW_IRAM2 (Exec base: 0x20200000, Load base: 0x00002778, Size: 0x000016a8, Max: 0x00008000, ABSOLUTE)

    Exec Addr    Load Addr    Size         Type   Attr      Idx    E Section Name        Object

    0x20200000   0x00002778   0x00000004   Data   RW          210    .data.VelcityA_Ki   speed.o
    0x20200004   0x0000277c   0x00000004   Data   RW          212    .data.VelcityB_Ki   speed.o
    0x20200008   0x00002780   0x00000010   Data   RW          238    .data.left          gray_track.o
    0x20200018   0x00002790   0x00000001   Data   RW          106    .data.motor_left_dir  motor.o
    0x20200019   0x00002791   0x00000001   Data   RW          107    .data.motor_right_dir  motor.o
    0x2020001a   0x00002792   0x00000002   PAD
    0x2020001c   0x00002794   0x00000010   Data   RW          239    .data.right         gray_track.o
    0x2020002c   0x000027a4   0x00000004   PAD
    0x20200030        -       0x00000060   Zero   RW         1225    .bss                c_p.l(libspace.o)
    0x20200090        -       0x00000004   Zero   RW          120    .bss.Get_Encoder_countA  encoder.o
    0x20200094        -       0x00000004   Zero   RW          121    .bss.Get_Encoder_countB  encoder.o
    0x20200098        -       0x00000001   Zero   RW          306    .bss.SoundLight_flag  app_utils.o
    0x20200099   0x000027a4   0x00000001   PAD
    0x2020009a        -       0x00000002   Zero   RW          307    .bss.SoundLight_time  app_utils.o
    0x2020009c        -       0x00000004   Zero   RW          211    .bss.VelcityA_Kp    speed.o
    0x202000a0        -       0x00000004   Zero   RW          213    .bss.VelcityB_Kp    speed.o
    0x202000a4        -       0x00000004   Zero   RW          220    .bss.Velocity_A.ControlVelocityA  speed.o
    0x202000a8        -       0x00000004   Zero   RW          221    .bss.Velocity_A.Last_biasA  speed.o
    0x202000ac        -       0x00000004   Zero   RW          222    .bss.Velocity_B.ControlVelocityB  speed.o
    0x202000b0        -       0x00000004   Zero   RW          223    .bss.Velocity_B.Last_biasB  speed.o
    0x202000b4        -       0x00000004   Zero   RW          333    .bss.basespeed      empty.o
    0x202000b8        -       0x00000002   Zero   RW          209    .bss.bias           speed.o
    0x202000ba        -       0x00000001   Zero   RW          332    .bss.first_flag     empty.o
    0x202000bb   0x000027a4   0x00000001   PAD
    0x202000bc        -       0x000000a0   Zero   RW          373    .bss.gPWMBackup     ti_msp_dl_config.o
    0x2020015c        -       0x000000bc   Zero   RW          374    .bss.gTIMER_0Backup  ti_msp_dl_config.o
    0x20200218        -       0x00000001   Zero   RW          187    .bss.pid_flag       pid.o
    0x20200219        -       0x00000008   Zero   RW          137    .bss.sensor         gray.o
    0x20200221   0x000027a4   0x00000003   PAD
    0x20200224        -       0x00000004   Zero   RW          214    .bss.speedA         speed.o
    0x20200228        -       0x00000004   Zero   RW          215    .bss.speedB         speed.o
    0x2020022c        -       0x00000004   Zero   RW          216    .bss.speed_cal.last_countA  speed.o
    0x20200230        -       0x00000004   Zero   RW          217    .bss.speed_cal.last_countB  speed.o
    0x20200234        -       0x00000004   Zero   RW          218    .bss.speed_cal.last_speedA  speed.o
    0x20200238        -       0x00000004   Zero   RW          219    .bss.speed_cal.last_speedB  speed.o
    0x2020023c        -       0x00000001   Zero   RW          331    .bss.start_flag     empty.o
    0x2020023d   0x000027a4   0x00000003   PAD
    0x20200240        -       0x00000034   Zero   RW          240    .bss.trackLine1     gray_track.o
    0x20200274        -       0x00000034   Zero   RW          241    .bss.trackLine2     gray_track.o
    0x202002a8        -       0x00001000   Zero   RW          342    HEAP                startup_mspm0g350x_uvision.o
    0x202012a8        -       0x00000400   Zero   RW          341    STACK               startup_mspm0g350x_uvision.o



  Load Region LR_BCR (Base: 0x41c00000, Size: 0x00000000, Max: 0x00000100, ABSOLUTE)

    Execution Region BCR_CONFIG (Exec base: 0x41c00000, Load base: 0x41c00000, Size: 0x00000000, Max: 0x00000080, ABSOLUTE)

    **** No section assigned to this execution region ****



  Load Region LR_BSL (Base: 0x41c00100, Size: 0x00000000, Max: 0x00000100, ABSOLUTE)

    Execution Region BSL_CONFIG (Exec base: 0x41c00100, Load base: 0x41c00100, Size: 0x00000000, Max: 0x00000080, ABSOLUTE)

    **** No section assigned to this execution region ****


==============================================================================

Image component sizes


      Code (inc. data)   RO Data    RW Data    ZI Data      Debug   Object Name

       108         12          0          0          3       1354   app_utils.o
        82          4          0          0          0       6769   board.o
        16          4          0          0          0       3604   buzzer.o
        10          0          0          0          0        612   dl_common.o
       544        192          0          0          0      32097   dl_timer.o
        90          8          0          0          0      14532   dl_uart.o
        98         16          0          0          6       4266   empty.o
       184         16          0          0          8       5800   encoder.o
       120         12          0          0          8       4330   gray.o
       616         24          0         32        104       2159   gray_track.o
       128         26          0          0          0       5154   hc06.o
        52          4          0          0          0       3857   led.o
       556         20          0          2          0       8042   motor.o
       340         12          0          0          1       2002   pid.o
       964        156          0          8         50       3629   speed.o
        48         22        192          0       5120        708   startup_mspm0g350x_uvision.o
       884        200         69          0        348      26555   ti_msp_dl_config.o
        40          8          0          0          0       2304   timer.o

    ----------------------------------------------------------------------
      4888        736        300         44       5660     127774   Object Totals
         0          0         32          0          0          0   (incl. Generated)
         8          0          7          2         12          0   (incl. Padding)

    ----------------------------------------------------------------------

      Code (inc. data)   RO Data    RW Data    ZI Data      Debug   Library Member Name

         8          0          0          0          0         68   __main.o
         0          0          0          0          0          0   __rtentry.o
        12          0          0          0          0          0   __rtentry2.o
         6          0          0          0          0          0   __rtentry4.o
        86         10          0          0          0          0   __scatter.o
        26          0          0          0          0          0   __scatter_copy.o
        28          0          0          0          0          0   __scatter_zi.o
        16          0          0          0          0         68   exit.o
         6          0          0          0          0        136   heapauxi.o
         2          0          0          0          0          0   libinit.o
         2          0          0          0          0          0   libinit2.o
         2          0          0          0          0          0   libshutdown.o
         2          0          0          0          0          0   libshutdown2.o
         8          4          0          0         96         68   libspace.o
         2          0          0          0          0          0   rtexit.o
        10          0          0          0          0          0   rtexit2.o
        62          0          0          0          0         80   sys_stackheap_outer.o
        46          0          0          0          0         60   cmpret.o
       124          4          0          0          0         72   d2f.o
       856         20          0          0          0        208   daddsub.o
      1096         26        128          0          0        112   ddiv.o
        88          0          0          0          0         92   dflti.o
       584         26          0          0          0         84   dmul.o
        84          4          0          0          0         60   f2d.o
       348          8          0          0          0        160   faddsub.o
        70          0          0          0          0        204   fcmp.o
       100          4          0          0          0         68   fcmpin.o
       352         10         64          0          0         92   fdiv.o
        76          0          0          0          0         68   ffixi.o
        48          0          0          0          0         60   ffixui.o
        94          0          0          0          0         92   fflti.o
        84          4          0          0          0         76   fgef.o
        84          4          0          0          0         76   flef.o
       176          4          0          0          0         80   fmul.o
        16          6          0          0          0         68   fnan2.o
        94          0          0          0          0         68   retnan.o
         0          0          0          0          0          0   usenofp.o

    ----------------------------------------------------------------------
      4724        138        192          0         96       2220   Library Totals
        26          4          0          0          0          0   (incl. Padding)

    ----------------------------------------------------------------------

      Code (inc. data)   RO Data    RW Data    ZI Data      Debug   Library Name

       278         14          0          0         96        420   c_p.l
      4420        120        192          0          0       1800   fz_ps.l

    ----------------------------------------------------------------------
      4724        138        192          0         96       2220   Library Totals

    ----------------------------------------------------------------------

==============================================================================


      Code (inc. data)   RO Data    RW Data    ZI Data      Debug   

      9612        874        492         44       5756     128738   Grand Totals
      9612        874        492         44       5756     128738   ELF Image Totals
      9612        874        492         44          0          0   ROM Totals

==============================================================================

    Total RO  Size (Code + RO Data)                10104 (   9.87kB)
    Total RW  Size (RW Data + ZI Data)              5800 (   5.66kB)
    Total ROM Size (Code + RO Data + RW Data)      10148 (   9.91kB)

==============================================================================

